[      25ms] [INFO] %cDownload the React DevTools for a better development experience: https://react.dev/link/react-devtools font-weight:bold @ http://localhost:3001/adp-comp-tool/node_modules/.vite/deps/react-dom_client.js?v=0039e234:20100
[   14151ms] [LOG] [vite] server connection lost. Polling for restart... @ http://localhost:3001/adp-comp-tool/@vite/client:963
[   14153ms] [ERROR] WebSocket connection to 'ws://localhost:3001/adp-comp-tool/' failed: Error in connection establishment: net::ERR_CONNECTION_REFUSED @ http://localhost:3001/adp-comp-tool/@vite/client:1034
[   15156ms] [ERROR] WebSocket connection to 'ws://localhost:3001/adp-comp-tool/' failed: Error in connection establishment: net::ERR_CONNECTION_REFUSED @ http://localhost:3001/adp-comp-tool/@vite/client:1034
[   16158ms] [ERROR] WebSocket connection to 'ws://localhost:3001/adp-comp-tool/' failed: Error in connection establishment: net::ERR_CONNECTION_REFUSED @ http://localhost:3001/adp-comp-tool/@vite/client:1034
[   17162ms] [ERROR] WebSocket connection to 'ws://localhost:3001/adp-comp-tool/' failed: Error in connection establishment: net::ERR_CONNECTION_REFUSED @ http://localhost:3001/adp-comp-tool/@vite/client:1034
[   18166ms] [ERROR] WebSocket connection to 'ws://localhost:3001/adp-comp-tool/' failed: Error in connection establishment: net::ERR_CONNECTION_REFUSED @ http://localhost:3001/adp-comp-tool/@vite/client:1034
[   19170ms] [ERROR] WebSocket connection to 'ws://localhost:3001/adp-comp-tool/' failed: Error in connection establishment: net::ERR_CONNECTION_REFUSED @ http://localhost:3001/adp-comp-tool/@vite/client:1034
[   20174ms] [ERROR] WebSocket connection to 'ws://localhost:3001/adp-comp-tool/' failed: Error in connection establishment: net::ERR_CONNECTION_REFUSED @ http://localhost:3001/adp-comp-tool/@vite/client:1034
[   21177ms] [ERROR] WebSocket connection to 'ws://localhost:3001/adp-comp-tool/' failed: Error in connection establishment: net::ERR_CONNECTION_REFUSED @ http://localhost:3001/adp-comp-tool/@vite/client:1034
[   22182ms] [ERROR] WebSocket connection to 'ws://localhost:3001/adp-comp-tool/' failed: Error in connection establishment: net::ERR_CONNECTION_REFUSED @ http://localhost:3001/adp-comp-tool/@vite/client:1034
[   23186ms] [ERROR] WebSocket connection to 'ws://localhost:3001/adp-comp-tool/' failed: Error in connection establishment: net::ERR_CONNECTION_REFUSED @ http://localhost:3001/adp-comp-tool/@vite/client:1034
[   24191ms] [ERROR] WebSocket connection to 'ws://localhost:3001/adp-comp-tool/' failed: Error in connection establishment: net::ERR_CONNECTION_REFUSED @ http://localhost:3001/adp-comp-tool/@vite/client:1034
[   25198ms] [ERROR] WebSocket connection to 'ws://localhost:3001/adp-comp-tool/' failed: Error in connection establishment: net::ERR_CONNECTION_REFUSED @ http://localhost:3001/adp-comp-tool/@vite/client:1034
[   26210ms] [ERROR] WebSocket connection to 'ws://localhost:3001/adp-comp-tool/' failed: Error in connection establishment: net::ERR_CONNECTION_REFUSED @ http://localhost:3001/adp-comp-tool/@vite/client:1034
[   27221ms] [ERROR] WebSocket connection to 'ws://localhost:3001/adp-comp-tool/' failed: Error in connection establishment: net::ERR_CONNECTION_REFUSED @ http://localhost:3001/adp-comp-tool/@vite/client:1034
[   28236ms] [ERROR] WebSocket connection to 'ws://localhost:3001/adp-comp-tool/' failed: Error in connection establishment: net::ERR_CONNECTION_REFUSED @ http://localhost:3001/adp-comp-tool/@vite/client:1034
[   29249ms] [ERROR] WebSocket connection to 'ws://localhost:3001/adp-comp-tool/' failed: Error in connection establishment: net::ERR_CONNECTION_REFUSED @ http://localhost:3001/adp-comp-tool/@vite/client:1034
[   30292ms] [ERROR] WebSocket connection to 'ws://localhost:3001/adp-comp-tool/' failed: Error in connection establishment: net::ERR_CONNECTION_REFUSED @ http://localhost:3001/adp-comp-tool/@vite/client:1034
[   31322ms] [ERROR] WebSocket connection to 'ws://localhost:3001/adp-comp-tool/' failed: Error in connection establishment: net::ERR_CONNECTION_REFUSED @ http://localhost:3001/adp-comp-tool/@vite/client:1034
[   32364ms] [ERROR] WebSocket connection to 'ws://localhost:3001/adp-comp-tool/' failed: Error in connection establishment: net::ERR_CONNECTION_REFUSED @ http://localhost:3001/adp-comp-tool/@vite/client:1034
[   33429ms] [ERROR] WebSocket connection to 'ws://localhost:3001/adp-comp-tool/' failed: Error in connection establishment: net::ERR_CONNECTION_REFUSED @ http://localhost:3001/adp-comp-tool/@vite/client:1034
[   34512ms] [ERROR] WebSocket connection to 'ws://localhost:3001/adp-comp-tool/' failed: Error in connection establishment: net::ERR_CONNECTION_REFUSED @ http://localhost:3001/adp-comp-tool/@vite/client:1034
[   35555ms] [ERROR] WebSocket connection to 'ws://localhost:3001/adp-comp-tool/' failed: Error in connection establishment: net::ERR_CONNECTION_REFUSED @ http://localhost:3001/adp-comp-tool/@vite/client:1034
[   36854ms] [ERROR] WebSocket connection to 'ws://localhost:3001/adp-comp-tool/' failed: Error in connection establishment: net::ERR_CONNECTION_REFUSED @ http://localhost:3001/adp-comp-tool/@vite/client:1034
[   38163ms] [ERROR] WebSocket connection to 'ws://localhost:3001/adp-comp-tool/' failed: Error in connection establishment: net::ERR_CONNECTION_REFUSED @ http://localhost:3001/adp-comp-tool/@vite/client:1034
[   39647ms] [ERROR] WebSocket connection to 'ws://localhost:3001/adp-comp-tool/' failed: Error in connection establishment: net::ERR_CONNECTION_REFUSED @ http://localhost:3001/adp-comp-tool/@vite/client:1034
[   41013ms] [ERROR] WebSocket connection to 'ws://localhost:3001/adp-comp-tool/' failed: Error in connection establishment: net::ERR_CONNECTION_REFUSED @ http://localhost:3001/adp-comp-tool/@vite/client:1034
[   42945ms] [ERROR] WebSocket connection to 'ws://localhost:3001/adp-comp-tool/' failed: Error in connection establishment: net::ERR_CONNECTION_REFUSED @ http://localhost:3001/adp-comp-tool/@vite/client:1034
[   44255ms] [ERROR] WebSocket connection to 'ws://localhost:3001/adp-comp-tool/' failed: Error in connection establishment: net::ERR_CONNECTION_REFUSED @ http://localhost:3001/adp-comp-tool/@vite/client:1034
[   46643ms] [ERROR] WebSocket connection to 'ws://localhost:3001/adp-comp-tool/' failed: Error in connection establishment: net::ERR_CONNECTION_REFUSED @ http://localhost:3001/adp-comp-tool/@vite/client:1034
[   49969ms] [ERROR] WebSocket connection to 'ws://localhost:3001/adp-comp-tool/' failed: Error in connection establishment: net::ERR_CONNECTION_REFUSED @ http://localhost:3001/adp-comp-tool/@vite/client:1034
[   55300ms] [ERROR] WebSocket connection to 'ws://localhost:3001/adp-comp-tool/' failed: Error in connection establishment: net::ERR_CONNECTION_REFUSED @ http://localhost:3001/adp-comp-tool/@vite/client:1034
[   59204ms] [ERROR] WebSocket connection to 'ws://localhost:3001/adp-comp-tool/' failed: Error in connection establishment: net::ERR_CONNECTION_REFUSED @ http://localhost:3001/adp-comp-tool/@vite/client:1034
[   64567ms] [ERROR] WebSocket connection to 'ws://localhost:3001/adp-comp-tool/' failed: Error in connection establishment: net::ERR_CONNECTION_REFUSED @ http://localhost:3001/adp-comp-tool/@vite/client:1034
[   66728ms] [ERROR] WebSocket connection to 'ws://localhost:3001/adp-comp-tool/' failed: Error in connection establishment: net::ERR_CONNECTION_REFUSED @ http://localhost:3001/adp-comp-tool/@vite/client:1034
[   72222ms] [ERROR] WebSocket connection to 'ws://localhost:3001/adp-comp-tool/' failed: Error in connection establishment: net::ERR_CONNECTION_REFUSED @ http://localhost:3001/adp-comp-tool/@vite/client:1034
[   77887ms] [ERROR] WebSocket connection to 'ws://localhost:3001/adp-comp-tool/' failed: Error in connection establishment: net::ERR_CONNECTION_REFUSED @ http://localhost:3001/adp-comp-tool/@vite/client:1034
[   82745ms] [ERROR] WebSocket connection to 'ws://localhost:3001/adp-comp-tool/' failed: Error in connection establishment: net::ERR_CONNECTION_REFUSED @ http://localhost:3001/adp-comp-tool/@vite/client:1034
[   86799ms] [ERROR] WebSocket connection to 'ws://localhost:3001/adp-comp-tool/' failed: Error in connection establishment: net::ERR_CONNECTION_REFUSED @ http://localhost:3001/adp-comp-tool/@vite/client:1034
[   88995ms] [ERROR] WebSocket connection to 'ws://localhost:3001/adp-comp-tool/' failed: Error in connection establishment: net::ERR_CONNECTION_REFUSED @ http://localhost:3001/adp-comp-tool/@vite/client:1034
[   94154ms] [ERROR] WebSocket connection to 'ws://localhost:3001/adp-comp-tool/' failed: Error in connection establishment: net::ERR_CONNECTION_REFUSED @ http://localhost:3001/adp-comp-tool/@vite/client:1034
[  100006ms] [ERROR] WebSocket connection to 'ws://localhost:3001/adp-comp-tool/' failed: Error in connection establishment: net::ERR_CONNECTION_REFUSED @ http://localhost:3001/adp-comp-tool/@vite/client:1034
[  105229ms] [ERROR] WebSocket connection to 'ws://localhost:3001/adp-comp-tool/' failed: Error in connection establishment: net::ERR_CONNECTION_REFUSED @ http://localhost:3001/adp-comp-tool/@vite/client:1034
[  107699ms] [ERROR] WebSocket connection to 'ws://localhost:3001/adp-comp-tool/' failed: Error in connection establishment: net::ERR_CONNECTION_REFUSED @ http://localhost:3001/adp-comp-tool/@vite/client:1034
[  112089ms] [ERROR] WebSocket connection to 'ws://localhost:3001/adp-comp-tool/' failed: Error in connection establishment: net::ERR_CONNECTION_REFUSED @ http://localhost:3001/adp-comp-tool/@vite/client:1034
[  116094ms] [ERROR] WebSocket connection to 'ws://localhost:3001/adp-comp-tool/' failed: Error in connection establishment: net::ERR_CONNECTION_REFUSED @ http://localhost:3001/adp-comp-tool/@vite/client:1034
[  120457ms] [ERROR] WebSocket connection to 'ws://localhost:3001/adp-comp-tool/' failed: Error in connection establishment: net::ERR_CONNECTION_REFUSED @ http://localhost:3001/adp-comp-tool/@vite/client:1034
[  125865ms] [ERROR] WebSocket connection to 'ws://localhost:3001/adp-comp-tool/' failed: Error in connection establishment: net::ERR_CONNECTION_REFUSED @ http://localhost:3001/adp-comp-tool/@vite/client:1034
[  129467ms] [ERROR] WebSocket connection to 'ws://localhost:3001/adp-comp-tool/' failed: Error in connection establishment: net::ERR_CONNECTION_REFUSED @ http://localhost:3001/adp-comp-tool/@vite/client:1034
[  132979ms] [ERROR] WebSocket connection to 'ws://localhost:3001/adp-comp-tool/' failed: Error in connection establishment: net::ERR_CONNECTION_REFUSED @ http://localhost:3001/adp-comp-tool/@vite/client:1034
[  135180ms] [ERROR] WebSocket connection to 'ws://localhost:3001/adp-comp-tool/' failed: Error in connection establishment: net::ERR_CONNECTION_REFUSED @ http://localhost:3001/adp-comp-tool/@vite/client:1034
[  139966ms] [ERROR] WebSocket connection to 'ws://localhost:3001/adp-comp-tool/' failed: Error in connection establishment: net::ERR_CONNECTION_REFUSED @ http://localhost:3001/adp-comp-tool/@vite/client:1034
[  142320ms] [ERROR] WebSocket connection to 'ws://localhost:3001/adp-comp-tool/' failed: Error in connection establishment: net::ERR_CONNECTION_REFUSED @ http://localhost:3001/adp-comp-tool/@vite/client:1034
[  144554ms] [ERROR] WebSocket connection to 'ws://localhost:3001/adp-comp-tool/' failed: Error in connection establishment: net::ERR_CONNECTION_REFUSED @ http://localhost:3001/adp-comp-tool/@vite/client:1034
[  148139ms] [ERROR] WebSocket connection to 'ws://localhost:3001/adp-comp-tool/' failed: Error in connection establishment: net::ERR_CONNECTION_REFUSED @ http://localhost:3001/adp-comp-tool/@vite/client:1034
[  151500ms] [ERROR] WebSocket connection to 'ws://localhost:3001/adp-comp-tool/' failed: Error in connection establishment: net::ERR_CONNECTION_REFUSED @ http://localhost:3001/adp-comp-tool/@vite/client:1034
[  155395ms] [ERROR] WebSocket connection to 'ws://localhost:3001/adp-comp-tool/' failed: Error in connection establishment: net::ERR_CONNECTION_REFUSED @ http://localhost:3001/adp-comp-tool/@vite/client:1034
[  159555ms] [ERROR] WebSocket connection to 'ws://localhost:3001/adp-comp-tool/' failed: Error in connection establishment: net::ERR_CONNECTION_REFUSED @ http://localhost:3001/adp-comp-tool/@vite/client:1034
[  163170ms] [ERROR] WebSocket connection to 'ws://localhost:3001/adp-comp-tool/' failed: Error in connection establishment: net::ERR_CONNECTION_REFUSED @ http://localhost:3001/adp-comp-tool/@vite/client:1034
[  168305ms] [ERROR] WebSocket connection to 'ws://localhost:3001/adp-comp-tool/' failed: Error in connection establishment: net::ERR_CONNECTION_REFUSED @ http://localhost:3001/adp-comp-tool/@vite/client:1034
[  173283ms] [ERROR] WebSocket connection to 'ws://localhost:3001/adp-comp-tool/' failed: Error in connection establishment: net::ERR_CONNECTION_REFUSED @ http://localhost:3001/adp-comp-tool/@vite/client:1034
[  178169ms] [ERROR] WebSocket connection to 'ws://localhost:3001/adp-comp-tool/' failed: Error in connection establishment: net::ERR_CONNECTION_REFUSED @ http://localhost:3001/adp-comp-tool/@vite/client:1034
[  182651ms] [ERROR] WebSocket connection to 'ws://localhost:3001/adp-comp-tool/' failed: Error in connection establishment: net::ERR_CONNECTION_REFUSED @ http://localhost:3001/adp-comp-tool/@vite/client:1034
[  185227ms] [ERROR] WebSocket connection to 'ws://localhost:3001/adp-comp-tool/' failed: Error in connection establishment: net::ERR_CONNECTION_REFUSED @ http://localhost:3001/adp-comp-tool/@vite/client:1034
[  191150ms] [ERROR] WebSocket connection to 'ws://localhost:3001/adp-comp-tool/' failed: Error in connection establishment: net::ERR_CONNECTION_REFUSED @ http://localhost:3001/adp-comp-tool/@vite/client:1034
[  195302ms] [ERROR] WebSocket connection to 'ws://localhost:3001/adp-comp-tool/' failed: Error in connection establishment: net::ERR_CONNECTION_REFUSED @ http://localhost:3001/adp-comp-tool/@vite/client:1034
[  200327ms] [ERROR] WebSocket connection to 'ws://localhost:3001/adp-comp-tool/' failed: Error in connection establishment: net::ERR_CONNECTION_REFUSED @ http://localhost:3001/adp-comp-tool/@vite/client:1034
[  202819ms] [ERROR] WebSocket connection to 'ws://localhost:3001/adp-comp-tool/' failed: Error in connection establishment: net::ERR_CONNECTION_REFUSED @ http://localhost:3001/adp-comp-tool/@vite/client:1034
[  208593ms] [ERROR] WebSocket connection to 'ws://localhost:3001/adp-comp-tool/' failed: Error in connection establishment: net::ERR_CONNECTION_REFUSED @ http://localhost:3001/adp-comp-tool/@vite/client:1034
[  211182ms] [ERROR] WebSocket connection to 'ws://localhost:3001/adp-comp-tool/' failed: Error in connection establishment: net::ERR_CONNECTION_REFUSED @ http://localhost:3001/adp-comp-tool/@vite/client:1034
[  216311ms] [ERROR] WebSocket connection to 'ws://localhost:3001/adp-comp-tool/' failed: Error in connection establishment: net::ERR_CONNECTION_REFUSED @ http://localhost:3001/adp-comp-tool/@vite/client:1034
[  221363ms] [ERROR] WebSocket connection to 'ws://localhost:3001/adp-comp-tool/' failed: Error in connection establishment: net::ERR_CONNECTION_REFUSED @ http://localhost:3001/adp-comp-tool/@vite/client:1034
[  224012ms] [ERROR] WebSocket connection to 'ws://localhost:3001/adp-comp-tool/' failed: Error in connection establishment: net::ERR_CONNECTION_REFUSED @ http://localhost:3001/adp-comp-tool/@vite/client:1034
[  228619ms] [ERROR] WebSocket connection to 'ws://localhost:3001/adp-comp-tool/' failed: Error in connection establishment: net::ERR_CONNECTION_REFUSED @ http://localhost:3001/adp-comp-tool/@vite/client:1034
[  233052ms] [ERROR] WebSocket connection to 'ws://localhost:3001/adp-comp-tool/' failed: Error in connection establishment: net::ERR_CONNECTION_REFUSED @ http://localhost:3001/adp-comp-tool/@vite/client:1034
[  237472ms] [ERROR] WebSocket connection to 'ws://localhost:3001/adp-comp-tool/' failed: Error in connection establishment: net::ERR_CONNECTION_REFUSED @ http://localhost:3001/adp-comp-tool/@vite/client:1034
[  242613ms] [INFO] %cDownload the React DevTools for a better development experience: https://react.dev/link/react-devtools font-weight:bold @ http://localhost:3001/adp-comp-tool/node_modules/.vite/deps/react-dom_client.js?v=0039e234:20100
[  260576ms] [LOG] [vite] server connection lost. Polling for restart... @ http://localhost:3001/adp-comp-tool/@vite/client:963
[  260687ms] [ERROR] WebSocket connection to 'ws://localhost:3001/adp-comp-tool/' failed: Error in connection establishment: net::ERR_CONNECTION_REFUSED @ http://localhost:3001/adp-comp-tool/@vite/client:1034
[  261811ms] [ERROR] WebSocket connection to 'ws://localhost:3001/adp-comp-tool/' failed: Error in connection establishment: net::ERR_CONNECTION_REFUSED @ http://localhost:3001/adp-comp-tool/@vite/client:1034
[  262946ms] [ERROR] WebSocket connection to 'ws://localhost:3001/adp-comp-tool/' failed: Error in connection establishment: net::ERR_CONNECTION_REFUSED @ http://localhost:3001/adp-comp-tool/@vite/client:1034
[  264215ms] [ERROR] WebSocket connection to 'ws://localhost:3001/adp-comp-tool/' failed: Error in connection establishment: net::ERR_CONNECTION_REFUSED @ http://localhost:3001/adp-comp-tool/@vite/client:1034
[  265404ms] [ERROR] WebSocket connection to 'ws://localhost:3001/adp-comp-tool/' failed: Error in connection establishment: net::ERR_CONNECTION_REFUSED @ http://localhost:3001/adp-comp-tool/@vite/client:1034
[  266530ms] [ERROR] WebSocket connection to 'ws://localhost:3001/adp-comp-tool/' failed: Error in connection establishment: net::ERR_CONNECTION_REFUSED @ http://localhost:3001/adp-comp-tool/@vite/client:1034
[  267970ms] [ERROR] WebSocket connection to 'ws://localhost:3001/adp-comp-tool/' failed: Error in connection establishment: net::ERR_CONNECTION_REFUSED @ http://localhost:3001/adp-comp-tool/@vite/client:1034
[  269552ms] [ERROR] WebSocket connection to 'ws://localhost:3001/adp-comp-tool/' failed: Error in connection establishment: net::ERR_CONNECTION_REFUSED @ http://localhost:3001/adp-comp-tool/@vite/client:1034
[  270940ms] [ERROR] WebSocket connection to 'ws://localhost:3001/adp-comp-tool/' failed: Error in connection establishment: net::ERR_CONNECTION_REFUSED @ http://localhost:3001/adp-comp-tool/@vite/client:1034
[  272306ms] [ERROR] WebSocket connection to 'ws://localhost:3001/adp-comp-tool/' failed: Error in connection establishment: net::ERR_CONNECTION_REFUSED @ http://localhost:3001/adp-comp-tool/@vite/client:1034
[  274031ms] [ERROR] WebSocket connection to 'ws://localhost:3001/adp-comp-tool/' failed: Error in connection establishment: net::ERR_CONNECTION_REFUSED @ http://localhost:3001/adp-comp-tool/@vite/client:1034
[  275736ms] [ERROR] WebSocket connection to 'ws://localhost:3001/adp-comp-tool/' failed: Error in connection establishment: net::ERR_CONNECTION_REFUSED @ http://localhost:3001/adp-comp-tool/@vite/client:1034
[  278892ms] [ERROR] WebSocket connection to 'ws://localhost:3001/adp-comp-tool/' failed: Error in connection establishment: net::ERR_CONNECTION_REFUSED @ http://localhost:3001/adp-comp-tool/@vite/client:1034
[  281077ms] [ERROR] WebSocket connection to 'ws://localhost:3001/adp-comp-tool/' failed: Error in connection establishment: net::ERR_CONNECTION_REFUSED @ http://localhost:3001/adp-comp-tool/@vite/client:1034
[  283611ms] [ERROR] WebSocket connection to 'ws://localhost:3001/adp-comp-tool/' failed: Error in connection establishment: net::ERR_CONNECTION_REFUSED @ http://localhost:3001/adp-comp-tool/@vite/client:1034
[  289391ms] [ERROR] WebSocket connection to 'ws://localhost:3001/adp-comp-tool/' failed: Error in connection establishment: net::ERR_CONNECTION_REFUSED @ http://localhost:3001/adp-comp-tool/@vite/client:1034
[  294074ms] [ERROR] WebSocket connection to 'ws://localhost:3001/adp-comp-tool/' failed: Error in connection establishment: net::ERR_CONNECTION_REFUSED @ http://localhost:3001/adp-comp-tool/@vite/client:1034
[  297329ms] [ERROR] WebSocket connection to 'ws://localhost:3001/adp-comp-tool/' failed: Error in connection establishment: net::ERR_CONNECTION_REFUSED @ http://localhost:3001/adp-comp-tool/@vite/client:1034
[  302437ms] [ERROR] WebSocket connection to 'ws://localhost:3001/adp-comp-tool/' failed: Error in connection establishment: net::ERR_CONNECTION_REFUSED @ http://localhost:3001/adp-comp-tool/@vite/client:1034
[  305538ms] [ERROR] WebSocket connection to 'ws://localhost:3001/adp-comp-tool/' failed: Error in connection establishment: net::ERR_CONNECTION_REFUSED @ http://localhost:3001/adp-comp-tool/@vite/client:1034
[  309738ms] [ERROR] WebSocket connection to 'ws://localhost:3001/adp-comp-tool/' failed: Error in connection establishment: net::ERR_CONNECTION_REFUSED @ http://localhost:3001/adp-comp-tool/@vite/client:1034
[  312213ms] [ERROR] WebSocket connection to 'ws://localhost:3001/adp-comp-tool/' failed: Error in connection establishment: net::ERR_CONNECTION_REFUSED @ http://localhost:3001/adp-comp-tool/@vite/client:1034
[  314611ms] [ERROR] WebSocket connection to 'ws://localhost:3001/adp-comp-tool/' failed: Error in connection establishment: net::ERR_CONNECTION_REFUSED @ http://localhost:3001/adp-comp-tool/@vite/client:1034
[  318513ms] [ERROR] WebSocket connection to 'ws://localhost:3001/adp-comp-tool/' failed: Error in connection establishment: net::ERR_CONNECTION_REFUSED @ http://localhost:3001/adp-comp-tool/@vite/client:1034
[  324166ms] [ERROR] WebSocket connection to 'ws://localhost:3001/adp-comp-tool/' failed: Error in connection establishment: net::ERR_CONNECTION_REFUSED @ http://localhost:3001/adp-comp-tool/@vite/client:1034
[  328853ms] [ERROR] WebSocket connection to 'ws://localhost:3001/adp-comp-tool/' failed: Error in connection establishment: net::ERR_CONNECTION_REFUSED @ http://localhost:3001/adp-comp-tool/@vite/client:1034
[  333844ms] [ERROR] WebSocket connection to 'ws://localhost:3001/adp-comp-tool/' failed: Error in connection establishment: net::ERR_CONNECTION_REFUSED @ http://localhost:3001/adp-comp-tool/@vite/client:1034
[  336283ms] [ERROR] WebSocket connection to 'ws://localhost:3001/adp-comp-tool/' failed: Error in connection establishment: net::ERR_CONNECTION_REFUSED @ http://localhost:3001/adp-comp-tool/@vite/client:1034
[  340069ms] [ERROR] WebSocket connection to 'ws://localhost:3001/adp-comp-tool/' failed: Error in connection establishment: net::ERR_CONNECTION_REFUSED @ http://localhost:3001/adp-comp-tool/@vite/client:1034
[  343361ms] [ERROR] WebSocket connection to 'ws://localhost:3001/adp-comp-tool/' failed: Error in connection establishment: net::ERR_CONNECTION_REFUSED @ http://localhost:3001/adp-comp-tool/@vite/client:1034
[  345912ms] [ERROR] WebSocket connection to 'ws://localhost:3001/adp-comp-tool/' failed: Error in connection establishment: net::ERR_CONNECTION_REFUSED @ http://localhost:3001/adp-comp-tool/@vite/client:1034
[  351259ms] [ERROR] WebSocket connection to 'ws://localhost:3001/adp-comp-tool/' failed: Error in connection establishment: net::ERR_CONNECTION_REFUSED @ http://localhost:3001/adp-comp-tool/@vite/client:1034
[  356460ms] [ERROR] WebSocket connection to 'ws://localhost:3001/adp-comp-tool/' failed: Error in connection establishment: net::ERR_CONNECTION_REFUSED @ http://localhost:3001/adp-comp-tool/@vite/client:1034
[  361036ms] [ERROR] WebSocket connection to 'ws://localhost:3001/adp-comp-tool/' failed: Error in connection establishment: net::ERR_CONNECTION_REFUSED @ http://localhost:3001/adp-comp-tool/@vite/client:1034
[  362256ms] [ERROR] WebSocket connection to 'ws://localhost:3001/adp-comp-tool/' failed: Error in connection establishment: net::ERR_CONNECTION_REFUSED @ http://localhost:3001/adp-comp-tool/@vite/client:1034
[  363461ms] [ERROR] WebSocket connection to 'ws://localhost:3001/adp-comp-tool/' failed: Error in connection establishment: net::ERR_CONNECTION_REFUSED @ http://localhost:3001/adp-comp-tool/@vite/client:1034
[  364707ms] [ERROR] WebSocket connection to 'ws://localhost:3001/adp-comp-tool/' failed: Error in connection establishment: net::ERR_CONNECTION_REFUSED @ http://localhost:3001/adp-comp-tool/@vite/client:1034
[  365922ms] [ERROR] WebSocket connection to 'ws://localhost:3001/adp-comp-tool/' failed: Error in connection establishment: net::ERR_CONNECTION_REFUSED @ http://localhost:3001/adp-comp-tool/@vite/client:1034
[  367251ms] [ERROR] WebSocket connection to 'ws://localhost:3001/adp-comp-tool/' failed: Error in connection establishment: net::ERR_CONNECTION_REFUSED @ http://localhost:3001/adp-comp-tool/@vite/client:1034
[  369336ms] [ERROR] WebSocket connection to 'ws://localhost:3001/adp-comp-tool/' failed: Error in connection establishment: net::ERR_CONNECTION_REFUSED @ http://localhost:3001/adp-comp-tool/@vite/client:1034
[  370746ms] [ERROR] WebSocket connection to 'ws://localhost:3001/adp-comp-tool/' failed: Error in connection establishment: net::ERR_CONNECTION_REFUSED @ http://localhost:3001/adp-comp-tool/@vite/client:1034
[  372577ms] [ERROR] WebSocket connection to 'ws://localhost:3001/adp-comp-tool/' failed: Error in connection establishment: net::ERR_CONNECTION_REFUSED @ http://localhost:3001/adp-comp-tool/@vite/client:1034
[  374666ms] [ERROR] WebSocket connection to 'ws://localhost:3001/adp-comp-tool/' failed: Error in connection establishment: net::ERR_CONNECTION_REFUSED @ http://localhost:3001/adp-comp-tool/@vite/client:1034
[  377647ms] [ERROR] WebSocket connection to 'ws://localhost:3001/adp-comp-tool/' failed: Error in connection establishment: net::ERR_CONNECTION_REFUSED @ http://localhost:3001/adp-comp-tool/@vite/client:1034
[  379327ms] [ERROR] WebSocket connection to 'ws://localhost:3001/adp-comp-tool/' failed: Error in connection establishment: net::ERR_CONNECTION_REFUSED @ http://localhost:3001/adp-comp-tool/@vite/client:1034
[  384758ms] [ERROR] WebSocket connection to 'ws://localhost:3001/adp-comp-tool/' failed: Error in connection establishment: net::ERR_CONNECTION_REFUSED @ http://localhost:3001/adp-comp-tool/@vite/client:1034
[  389044ms] [ERROR] WebSocket connection to 'ws://localhost:3001/adp-comp-tool/' failed: Error in connection establishment: net::ERR_CONNECTION_REFUSED @ http://localhost:3001/adp-comp-tool/@vite/client:1034
[  392408ms] [ERROR] WebSocket connection to 'ws://localhost:3001/adp-comp-tool/' failed: Error in connection establishment: net::ERR_CONNECTION_REFUSED @ http://localhost:3001/adp-comp-tool/@vite/client:1034
[  397193ms] [ERROR] WebSocket connection to 'ws://localhost:3001/adp-comp-tool/' failed: Error in connection establishment: net::ERR_CONNECTION_REFUSED @ http://localhost:3001/adp-comp-tool/@vite/client:1034
[  400340ms] [ERROR] WebSocket connection to 'ws://localhost:3001/adp-comp-tool/' failed: Error in connection establishment: net::ERR_CONNECTION_REFUSED @ http://localhost:3001/adp-comp-tool/@vite/client:1034
[  402459ms] [ERROR] WebSocket connection to 'ws://localhost:3001/adp-comp-tool/' failed: Error in connection establishment: net::ERR_CONNECTION_REFUSED @ http://localhost:3001/adp-comp-tool/@vite/client:1034
[  405174ms] [ERROR] WebSocket connection to 'ws://localhost:3001/adp-comp-tool/' failed: Error in connection establishment: net::ERR_CONNECTION_REFUSED @ http://localhost:3001/adp-comp-tool/@vite/client:1034
[  410555ms] [ERROR] WebSocket connection to 'ws://localhost:3001/adp-comp-tool/' failed: Error in connection establishment: net::ERR_CONNECTION_REFUSED @ http://localhost:3001/adp-comp-tool/@vite/client:1034
[  416543ms] [ERROR] WebSocket connection to 'ws://localhost:3001/adp-comp-tool/' failed: Error in connection establishment: net::ERR_CONNECTION_REFUSED @ http://localhost:3001/adp-comp-tool/@vite/client:1034
[  421918ms] [ERROR] WebSocket connection to 'ws://localhost:3001/adp-comp-tool/' failed: Error in connection establishment: net::ERR_CONNECTION_REFUSED @ http://localhost:3001/adp-comp-tool/@vite/client:1034
[  427434ms] [ERROR] WebSocket connection to 'ws://localhost:3001/adp-comp-tool/' failed: Error in connection establishment: net::ERR_CONNECTION_REFUSED @ http://localhost:3001/adp-comp-tool/@vite/client:1034
[  431683ms] [ERROR] WebSocket connection to 'ws://localhost:3001/adp-comp-tool/' failed: Error in connection establishment: net::ERR_CONNECTION_REFUSED @ http://localhost:3001/adp-comp-tool/@vite/client:1034
[  436859ms] [ERROR] WebSocket connection to 'ws://localhost:3001/adp-comp-tool/' failed: Error in connection establishment: net::ERR_CONNECTION_REFUSED @ http://localhost:3001/adp-comp-tool/@vite/client:1034
[  440144ms] [ERROR] WebSocket connection to 'ws://localhost:3001/adp-comp-tool/' failed: Error in connection establishment: net::ERR_CONNECTION_REFUSED @ http://localhost:3001/adp-comp-tool/@vite/client:1034
[  443701ms] [ERROR] WebSocket connection to 'ws://localhost:3001/adp-comp-tool/' failed: Error in connection establishment: net::ERR_CONNECTION_REFUSED @ http://localhost:3001/adp-comp-tool/@vite/client:1034
[  445719ms] [ERROR] WebSocket connection to 'ws://localhost:3001/adp-comp-tool/' failed: Error in connection establishment: net::ERR_CONNECTION_REFUSED @ http://localhost:3001/adp-comp-tool/@vite/client:1034
[  450254ms] [ERROR] WebSocket connection to 'ws://localhost:3001/adp-comp-tool/' failed: Error in connection establishment: net::ERR_CONNECTION_REFUSED @ http://localhost:3001/adp-comp-tool/@vite/client:1034
[  453409ms] [ERROR] WebSocket connection to 'ws://localhost:3001/adp-comp-tool/' failed: Error in connection establishment: net::ERR_CONNECTION_REFUSED @ http://localhost:3001/adp-comp-tool/@vite/client:1034
[  457141ms] [ERROR] WebSocket connection to 'ws://localhost:3001/adp-comp-tool/' failed: Error in connection establishment: net::ERR_CONNECTION_REFUSED @ http://localhost:3001/adp-comp-tool/@vite/client:1034
[  461501ms] [ERROR] WebSocket connection to 'ws://localhost:3001/adp-comp-tool/' failed: Error in connection establishment: net::ERR_CONNECTION_REFUSED @ http://localhost:3001/adp-comp-tool/@vite/client:1034
[  466718ms] [ERROR] WebSocket connection to 'ws://localhost:3001/adp-comp-tool/' failed: Error in connection establishment: net::ERR_CONNECTION_REFUSED @ http://localhost:3001/adp-comp-tool/@vite/client:1034
[  469289ms] [ERROR] WebSocket connection to 'ws://localhost:3001/adp-comp-tool/' failed: Error in connection establishment: net::ERR_CONNECTION_REFUSED @ http://localhost:3001/adp-comp-tool/@vite/client:1034
[  472571ms] [ERROR] WebSocket connection to 'ws://localhost:3001/adp-comp-tool/' failed: Error in connection establishment: net::ERR_CONNECTION_REFUSED @ http://localhost:3001/adp-comp-tool/@vite/client:1034
[  477714ms] [ERROR] WebSocket connection to 'ws://localhost:3001/adp-comp-tool/' failed: Error in connection establishment: net::ERR_CONNECTION_REFUSED @ http://localhost:3001/adp-comp-tool/@vite/client:1034
[  480830ms] [ERROR] WebSocket connection to 'ws://localhost:3001/adp-comp-tool/' failed: Error in connection establishment: net::ERR_CONNECTION_REFUSED @ http://localhost:3001/adp-comp-tool/@vite/client:1034
[  485791ms] [ERROR] WebSocket connection to 'ws://localhost:3001/adp-comp-tool/' failed: Error in connection establishment: net::ERR_CONNECTION_REFUSED @ http://localhost:3001/adp-comp-tool/@vite/client:1034
[  488209ms] [ERROR] WebSocket connection to 'ws://localhost:3001/adp-comp-tool/' failed: Error in connection establishment: net::ERR_CONNECTION_REFUSED @ http://localhost:3001/adp-comp-tool/@vite/client:1034
[  491297ms] [ERROR] WebSocket connection to 'ws://localhost:3001/adp-comp-tool/' failed: Error in connection establishment: net::ERR_CONNECTION_REFUSED @ http://localhost:3001/adp-comp-tool/@vite/client:1034
[  496918ms] [ERROR] WebSocket connection to 'ws://localhost:3001/adp-comp-tool/' failed: Error in connection establishment: net::ERR_CONNECTION_REFUSED @ http://localhost:3001/adp-comp-tool/@vite/client:1034
[  502918ms] [ERROR] WebSocket connection to 'ws://localhost:3001/adp-comp-tool/' failed: Error in connection establishment: net::ERR_CONNECTION_REFUSED @ http://localhost:3001/adp-comp-tool/@vite/client:1034
[  507313ms] [ERROR] WebSocket connection to 'ws://localhost:3001/adp-comp-tool/' failed: Error in connection establishment: net::ERR_CONNECTION_REFUSED @ http://localhost:3001/adp-comp-tool/@vite/client:1034
[  512812ms] [ERROR] WebSocket connection to 'ws://localhost:3001/adp-comp-tool/' failed: Error in connection establishment: net::ERR_CONNECTION_REFUSED @ http://localhost:3001/adp-comp-tool/@vite/client:1034
[  515354ms] [ERROR] WebSocket connection to 'ws://localhost:3001/adp-comp-tool/' failed: Error in connection establishment: net::ERR_CONNECTION_REFUSED @ http://localhost:3001/adp-comp-tool/@vite/client:1034
[  519170ms] [ERROR] WebSocket connection to 'ws://localhost:3001/adp-comp-tool/' failed: Error in connection establishment: net::ERR_CONNECTION_REFUSED @ http://localhost:3001/adp-comp-tool/@vite/client:1034
[  522355ms] [ERROR] WebSocket connection to 'ws://localhost:3001/adp-comp-tool/' failed: Error in connection establishment: net::ERR_CONNECTION_REFUSED @ http://localhost:3001/adp-comp-tool/@vite/client:1034
[  527646ms] [ERROR] WebSocket connection to 'ws://localhost:3001/adp-comp-tool/' failed: Error in connection establishment: net::ERR_CONNECTION_REFUSED @ http://localhost:3001/adp-comp-tool/@vite/client:1034
[  530659ms] [ERROR] WebSocket connection to 'ws://localhost:3001/adp-comp-tool/' failed: Error in connection establishment: net::ERR_CONNECTION_REFUSED @ http://localhost:3001/adp-comp-tool/@vite/client:1034
[  534696ms] [ERROR] WebSocket connection to 'ws://localhost:3001/adp-comp-tool/' failed: Error in connection establishment: net::ERR_CONNECTION_REFUSED @ http://localhost:3001/adp-comp-tool/@vite/client:1034
[  537851ms] [ERROR] WebSocket connection to 'ws://localhost:3001/adp-comp-tool/' failed: Error in connection establishment: net::ERR_CONNECTION_REFUSED @ http://localhost:3001/adp-comp-tool/@vite/client:1034
[  542311ms] [ERROR] WebSocket connection to 'ws://localhost:3001/adp-comp-tool/' failed: Error in connection establishment: net::ERR_CONNECTION_REFUSED @ http://localhost:3001/adp-comp-tool/@vite/client:1034
[  547309ms] [ERROR] WebSocket connection to 'ws://localhost:3001/adp-comp-tool/' failed: Error in connection establishment: net::ERR_CONNECTION_REFUSED @ http://localhost:3001/adp-comp-tool/@vite/client:1034
[  550175ms] [ERROR] WebSocket connection to 'ws://localhost:3001/adp-comp-tool/' failed: Error in connection establishment: net::ERR_CONNECTION_REFUSED @ http://localhost:3001/adp-comp-tool/@vite/client:1034
[  553838ms] [ERROR] WebSocket connection to 'ws://localhost:3001/adp-comp-tool/' failed: Error in connection establishment: net::ERR_CONNECTION_REFUSED @ http://localhost:3001/adp-comp-tool/@vite/client:1034
[  556292ms] [ERROR] WebSocket connection to 'ws://localhost:3001/adp-comp-tool/' failed: Error in connection establishment: net::ERR_CONNECTION_REFUSED @ http://localhost:3001/adp-comp-tool/@vite/client:1034
[  559267ms] [ERROR] WebSocket connection to 'ws://localhost:3001/adp-comp-tool/' failed: Error in connection establishment: net::ERR_CONNECTION_REFUSED @ http://localhost:3001/adp-comp-tool/@vite/client:1034
[  562375ms] [ERROR] WebSocket connection to 'ws://localhost:3001/adp-comp-tool/' failed: Error in connection establishment: net::ERR_CONNECTION_REFUSED @ http://localhost:3001/adp-comp-tool/@vite/client:1034
[  567675ms] [ERROR] WebSocket connection to 'ws://localhost:3001/adp-comp-tool/' failed: Error in connection establishment: net::ERR_CONNECTION_REFUSED @ http://localhost:3001/adp-comp-tool/@vite/client:1034
[  572647ms] [ERROR] WebSocket connection to 'ws://localhost:3001/adp-comp-tool/' failed: Error in connection establishment: net::ERR_CONNECTION_REFUSED @ http://localhost:3001/adp-comp-tool/@vite/client:1034
[  577352ms] [ERROR] WebSocket connection to 'ws://localhost:3001/adp-comp-tool/' failed: Error in connection establishment: net::ERR_CONNECTION_REFUSED @ http://localhost:3001/adp-comp-tool/@vite/client:1034
[  581511ms] [ERROR] WebSocket connection to 'ws://localhost:3001/adp-comp-tool/' failed: Error in connection establishment: net::ERR_CONNECTION_REFUSED @ http://localhost:3001/adp-comp-tool/@vite/client:1034
[  584399ms] [ERROR] WebSocket connection to 'ws://localhost:3001/adp-comp-tool/' failed: Error in connection establishment: net::ERR_CONNECTION_REFUSED @ http://localhost:3001/adp-comp-tool/@vite/client:1034
[  587130ms] [ERROR] WebSocket connection to 'ws://localhost:3001/adp-comp-tool/' failed: Error in connection establishment: net::ERR_CONNECTION_REFUSED @ http://localhost:3001/adp-comp-tool/@vite/client:1034
[  590820ms] [ERROR] WebSocket connection to 'ws://localhost:3001/adp-comp-tool/' failed: Error in connection establishment: net::ERR_CONNECTION_REFUSED @ http://localhost:3001/adp-comp-tool/@vite/client:1034
[  593987ms] [ERROR] WebSocket connection to 'ws://localhost:3001/adp-comp-tool/' failed: Error in connection establishment: net::ERR_CONNECTION_REFUSED @ http://localhost:3001/adp-comp-tool/@vite/client:1034
[  596516ms] [ERROR] WebSocket connection to 'ws://localhost:3001/adp-comp-tool/' failed: Error in connection establishment: net::ERR_CONNECTION_REFUSED @ http://localhost:3001/adp-comp-tool/@vite/client:1034
[  599227ms] [ERROR] WebSocket connection to 'ws://localhost:3001/adp-comp-tool/' failed: Error in connection establishment: net::ERR_CONNECTION_REFUSED @ http://localhost:3001/adp-comp-tool/@vite/client:1034
[  600231ms] [ERROR] WebSocket connection to 'ws://localhost:3001/adp-comp-tool/' failed: Error in connection establishment: net::ERR_CONNECTION_REFUSED @ http://localhost:3001/adp-comp-tool/@vite/client:1034
[  601237ms] [ERROR] WebSocket connection to 'ws://localhost:3001/adp-comp-tool/' failed: Error in connection establishment: net::ERR_CONNECTION_REFUSED @ http://localhost:3001/adp-comp-tool/@vite/client:1034
[  602240ms] [ERROR] WebSocket connection to 'ws://localhost:3001/adp-comp-tool/' failed: Error in connection establishment: net::ERR_CONNECTION_REFUSED @ http://localhost:3001/adp-comp-tool/@vite/client:1034
[  603246ms] [ERROR] WebSocket connection to 'ws://localhost:3001/adp-comp-tool/' failed: Error in connection establishment: net::ERR_CONNECTION_REFUSED @ http://localhost:3001/adp-comp-tool/@vite/client:1034
[  604255ms] [ERROR] WebSocket connection to 'ws://localhost:3001/adp-comp-tool/' failed: Error in connection establishment: net::ERR_CONNECTION_REFUSED @ http://localhost:3001/adp-comp-tool/@vite/client:1034
[  605263ms] [ERROR] WebSocket connection to 'ws://localhost:3001/adp-comp-tool/' failed: Error in connection establishment: net::ERR_CONNECTION_REFUSED @ http://localhost:3001/adp-comp-tool/@vite/client:1034
[  606271ms] [ERROR] WebSocket connection to 'ws://localhost:3001/adp-comp-tool/' failed: Error in connection establishment: net::ERR_CONNECTION_REFUSED @ http://localhost:3001/adp-comp-tool/@vite/client:1034
[  607281ms] [ERROR] WebSocket connection to 'ws://localhost:3001/adp-comp-tool/' failed: Error in connection establishment: net::ERR_CONNECTION_REFUSED @ http://localhost:3001/adp-comp-tool/@vite/client:1034
[  608304ms] [ERROR] WebSocket connection to 'ws://localhost:3001/adp-comp-tool/' failed: Error in connection establishment: net::ERR_CONNECTION_REFUSED @ http://localhost:3001/adp-comp-tool/@vite/client:1034
[  609338ms] [ERROR] WebSocket connection to 'ws://localhost:3001/adp-comp-tool/' failed: Error in connection establishment: net::ERR_CONNECTION_REFUSED @ http://localhost:3001/adp-comp-tool/@vite/client:1034
[  610428ms] [ERROR] WebSocket connection to 'ws://localhost:3001/adp-comp-tool/' failed: Error in connection establishment: net::ERR_CONNECTION_REFUSED @ http://localhost:3001/adp-comp-tool/@vite/client:1034
[  611636ms] [ERROR] WebSocket connection to 'ws://localhost:3001/adp-comp-tool/' failed: Error in connection establishment: net::ERR_CONNECTION_REFUSED @ http://localhost:3001/adp-comp-tool/@vite/client:1034
[  612941ms] [ERROR] WebSocket connection to 'ws://localhost:3001/adp-comp-tool/' failed: Error in connection establishment: net::ERR_CONNECTION_REFUSED @ http://localhost:3001/adp-comp-tool/@vite/client:1034
[  614799ms] [ERROR] WebSocket connection to 'ws://localhost:3001/adp-comp-tool/' failed: Error in connection establishment: net::ERR_CONNECTION_REFUSED @ http://localhost:3001/adp-comp-tool/@vite/client:1034
[  617734ms] [ERROR] WebSocket connection to 'ws://localhost:3001/adp-comp-tool/' failed: Error in connection establishment: net::ERR_CONNECTION_REFUSED @ http://localhost:3001/adp-comp-tool/@vite/client:1034
[  623457ms] [ERROR] WebSocket connection to 'ws://localhost:3001/adp-comp-tool/' failed: Error in connection establishment: net::ERR_CONNECTION_REFUSED @ http://localhost:3001/adp-comp-tool/@vite/client:1034
[  626653ms] [ERROR] WebSocket connection to 'ws://localhost:3001/adp-comp-tool/' failed: Error in connection establishment: net::ERR_CONNECTION_REFUSED @ http://localhost:3001/adp-comp-tool/@vite/client:1034
[  632103ms] [ERROR] WebSocket connection to 'ws://localhost:3001/adp-comp-tool/' failed: Error in connection establishment: net::ERR_CONNECTION_REFUSED @ http://localhost:3001/adp-comp-tool/@vite/client:1034
[  637350ms] [ERROR] WebSocket connection to 'ws://localhost:3001/adp-comp-tool/' failed: Error in connection establishment: net::ERR_CONNECTION_REFUSED @ http://localhost:3001/adp-comp-tool/@vite/client:1034
[  642150ms] [ERROR] WebSocket connection to 'ws://localhost:3001/adp-comp-tool/' failed: Error in connection establishment: net::ERR_CONNECTION_REFUSED @ http://localhost:3001/adp-comp-tool/@vite/client:1034
[  644766ms] [ERROR] WebSocket connection to 'ws://localhost:3001/adp-comp-tool/' failed: Error in connection establishment: net::ERR_CONNECTION_REFUSED @ http://localhost:3001/adp-comp-tool/@vite/client:1034
[  650365ms] [ERROR] WebSocket connection to 'ws://localhost:3001/adp-comp-tool/' failed: Error in connection establishment: net::ERR_CONNECTION_REFUSED @ http://localhost:3001/adp-comp-tool/@vite/client:1034
[  653135ms] [ERROR] WebSocket connection to 'ws://localhost:3001/adp-comp-tool/' failed: Error in connection establishment: net::ERR_CONNECTION_REFUSED @ http://localhost:3001/adp-comp-tool/@vite/client:1034
[  657324ms] [ERROR] WebSocket connection to 'ws://localhost:3001/adp-comp-tool/' failed: Error in connection establishment: net::ERR_CONNECTION_REFUSED @ http://localhost:3001/adp-comp-tool/@vite/client:1034
[  660075ms] [ERROR] WebSocket connection to 'ws://localhost:3001/adp-comp-tool/' failed: Error in connection establishment: net::ERR_CONNECTION_REFUSED @ http://localhost:3001/adp-comp-tool/@vite/client:1034
[  664653ms] [ERROR] WebSocket connection to 'ws://localhost:3001/adp-comp-tool/' failed: Error in connection establishment: net::ERR_CONNECTION_REFUSED @ http://localhost:3001/adp-comp-tool/@vite/client:1034
[  669792ms] [ERROR] WebSocket connection to 'ws://localhost:3001/adp-comp-tool/' failed: Error in connection establishment: net::ERR_CONNECTION_REFUSED @ http://localhost:3001/adp-comp-tool/@vite/client:1034
[  675294ms] [ERROR] WebSocket connection to 'ws://localhost:3001/adp-comp-tool/' failed: Error in connection establishment: net::ERR_CONNECTION_REFUSED @ http://localhost:3001/adp-comp-tool/@vite/client:1034
[  677808ms] [ERROR] WebSocket connection to 'ws://localhost:3001/adp-comp-tool/' failed: Error in connection establishment: net::ERR_CONNECTION_REFUSED @ http://localhost:3001/adp-comp-tool/@vite/client:1034
[  681564ms] [ERROR] WebSocket connection to 'ws://localhost:3001/adp-comp-tool/' failed: Error in connection establishment: net::ERR_CONNECTION_REFUSED @ http://localhost:3001/adp-comp-tool/@vite/client:1034
[  684730ms] [ERROR] WebSocket connection to 'ws://localhost:3001/adp-comp-tool/' failed: Error in connection establishment: net::ERR_CONNECTION_REFUSED @ http://localhost:3001/adp-comp-tool/@vite/client:1034
[  687316ms] [ERROR] WebSocket connection to 'ws://localhost:3001/adp-comp-tool/' failed: Error in connection establishment: net::ERR_CONNECTION_REFUSED @ http://localhost:3001/adp-comp-tool/@vite/client:1034
[  689951ms] [ERROR] WebSocket connection to 'ws://localhost:3001/adp-comp-tool/' failed: Error in connection establishment: net::ERR_CONNECTION_REFUSED @ http://localhost:3001/adp-comp-tool/@vite/client:1034
[  693198ms] [ERROR] WebSocket connection to 'ws://localhost:3001/adp-comp-tool/' failed: Error in connection establishment: net::ERR_CONNECTION_REFUSED @ http://localhost:3001/adp-comp-tool/@vite/client:1034
[  697591ms] [ERROR] WebSocket connection to 'ws://localhost:3001/adp-comp-tool/' failed: Error in connection establishment: net::ERR_CONNECTION_REFUSED @ http://localhost:3001/adp-comp-tool/@vite/client:1034
[  700574ms] [ERROR] WebSocket connection to 'ws://localhost:3001/adp-comp-tool/' failed: Error in connection establishment: net::ERR_CONNECTION_REFUSED @ http://localhost:3001/adp-comp-tool/@vite/client:1034
[  706351ms] [ERROR] WebSocket connection to 'ws://localhost:3001/adp-comp-tool/' failed: Error in connection establishment: net::ERR_CONNECTION_REFUSED @ http://localhost:3001/adp-comp-tool/@vite/client:1034
[  711882ms] [ERROR] WebSocket connection to 'ws://localhost:3001/adp-comp-tool/' failed: Error in connection establishment: net::ERR_CONNECTION_REFUSED @ http://localhost:3001/adp-comp-tool/@vite/client:1034
[  714009ms] [ERROR] WebSocket connection to 'ws://localhost:3001/adp-comp-tool/' failed: Error in connection establishment: net::ERR_CONNECTION_REFUSED @ http://localhost:3001/adp-comp-tool/@vite/client:1034
[  719105ms] [ERROR] WebSocket connection to 'ws://localhost:3001/adp-comp-tool/' failed: Error in connection establishment: net::ERR_CONNECTION_REFUSED @ http://localhost:3001/adp-comp-tool/@vite/client:1034
[  720112ms] [ERROR] WebSocket connection to 'ws://localhost:3001/adp-comp-tool/' failed: Error in connection establishment: net::ERR_CONNECTION_REFUSED @ http://localhost:3001/adp-comp-tool/@vite/client:1034
[  721114ms] [ERROR] WebSocket connection to 'ws://localhost:3001/adp-comp-tool/' failed: Error in connection establishment: net::ERR_CONNECTION_REFUSED @ http://localhost:3001/adp-comp-tool/@vite/client:1034
[  722119ms] [ERROR] WebSocket connection to 'ws://localhost:3001/adp-comp-tool/' failed: Error in connection establishment: net::ERR_CONNECTION_REFUSED @ http://localhost:3001/adp-comp-tool/@vite/client:1034
[  723170ms] [ERROR] WebSocket connection to 'ws://localhost:3001/adp-comp-tool/' failed: Error in connection establishment: net::ERR_CONNECTION_REFUSED @ http://localhost:3001/adp-comp-tool/@vite/client:1034
[  724175ms] [ERROR] WebSocket connection to 'ws://localhost:3001/adp-comp-tool/' failed: Error in connection establishment: net::ERR_CONNECTION_REFUSED @ http://localhost:3001/adp-comp-tool/@vite/client:1034
[  725181ms] [ERROR] WebSocket connection to 'ws://localhost:3001/adp-comp-tool/' failed: Error in connection establishment: net::ERR_CONNECTION_REFUSED @ http://localhost:3001/adp-comp-tool/@vite/client:1034
[  726194ms] [ERROR] WebSocket connection to 'ws://localhost:3001/adp-comp-tool/' failed: Error in connection establishment: net::ERR_CONNECTION_REFUSED @ http://localhost:3001/adp-comp-tool/@vite/client:1034
[  727218ms] [ERROR] WebSocket connection to 'ws://localhost:3001/adp-comp-tool/' failed: Error in connection establishment: net::ERR_CONNECTION_REFUSED @ http://localhost:3001/adp-comp-tool/@vite/client:1034
[  728236ms] [ERROR] WebSocket connection to 'ws://localhost:3001/adp-comp-tool/' failed: Error in connection establishment: net::ERR_CONNECTION_REFUSED @ http://localhost:3001/adp-comp-tool/@vite/client:1034
[  729319ms] [ERROR] WebSocket connection to 'ws://localhost:3001/adp-comp-tool/' failed: Error in connection establishment: net::ERR_CONNECTION_REFUSED @ http://localhost:3001/adp-comp-tool/@vite/client:1034
[  730450ms] [ERROR] WebSocket connection to 'ws://localhost:3001/adp-comp-tool/' failed: Error in connection establishment: net::ERR_CONNECTION_REFUSED @ http://localhost:3001/adp-comp-tool/@vite/client:1034
[  731723ms] [ERROR] WebSocket connection to 'ws://localhost:3001/adp-comp-tool/' failed: Error in connection establishment: net::ERR_CONNECTION_REFUSED @ http://localhost:3001/adp-comp-tool/@vite/client:1034
[  733091ms] [ERROR] WebSocket connection to 'ws://localhost:3001/adp-comp-tool/' failed: Error in connection establishment: net::ERR_CONNECTION_REFUSED @ http://localhost:3001/adp-comp-tool/@vite/client:1034
[  735290ms] [ERROR] WebSocket connection to 'ws://localhost:3001/adp-comp-tool/' failed: Error in connection establishment: net::ERR_CONNECTION_REFUSED @ http://localhost:3001/adp-comp-tool/@vite/client:1034
[  738566ms] [ERROR] WebSocket connection to 'ws://localhost:3001/adp-comp-tool/' failed: Error in connection establishment: net::ERR_CONNECTION_REFUSED @ http://localhost:3001/adp-comp-tool/@vite/client:1034
[  741257ms] [ERROR] WebSocket connection to 'ws://localhost:3001/adp-comp-tool/' failed: Error in connection establishment: net::ERR_CONNECTION_REFUSED @ http://localhost:3001/adp-comp-tool/@vite/client:1034
[  743952ms] [ERROR] WebSocket connection to 'ws://localhost:3001/adp-comp-tool/' failed: Error in connection establishment: net::ERR_CONNECTION_REFUSED @ http://localhost:3001/adp-comp-tool/@vite/client:1034
[  746233ms] [ERROR] WebSocket connection to 'ws://localhost:3001/adp-comp-tool/' failed: Error in connection establishment: net::ERR_CONNECTION_REFUSED @ http://localhost:3001/adp-comp-tool/@vite/client:1034
[  750124ms] [ERROR] WebSocket connection to 'ws://localhost:3001/adp-comp-tool/' failed: Error in connection establishment: net::ERR_CONNECTION_REFUSED @ http://localhost:3001/adp-comp-tool/@vite/client:1034
[  753933ms] [ERROR] WebSocket connection to 'ws://localhost:3001/adp-comp-tool/' failed: Error in connection establishment: net::ERR_CONNECTION_REFUSED @ http://localhost:3001/adp-comp-tool/@vite/client:1034
[  757405ms] [ERROR] WebSocket connection to 'ws://localhost:3001/adp-comp-tool/' failed: Error in connection establishment: net::ERR_CONNECTION_REFUSED @ http://localhost:3001/adp-comp-tool/@vite/client:1034
[  761597ms] [ERROR] WebSocket connection to 'ws://localhost:3001/adp-comp-tool/' failed: Error in connection establishment: net::ERR_CONNECTION_REFUSED @ http://localhost:3001/adp-comp-tool/@vite/client:1034
[  764938ms] [ERROR] WebSocket connection to 'ws://localhost:3001/adp-comp-tool/' failed: Error in connection establishment: net::ERR_CONNECTION_REFUSED @ http://localhost:3001/adp-comp-tool/@vite/client:1034
[  768390ms] [ERROR] WebSocket connection to 'ws://localhost:3001/adp-comp-tool/' failed: Error in connection establishment: net::ERR_CONNECTION_REFUSED @ http://localhost:3001/adp-comp-tool/@vite/client:1034
[  773349ms] [ERROR] WebSocket connection to 'ws://localhost:3001/adp-comp-tool/' failed: Error in connection establishment: net::ERR_CONNECTION_REFUSED @ http://localhost:3001/adp-comp-tool/@vite/client:1034
[  775442ms] [ERROR] WebSocket connection to 'ws://localhost:3001/adp-comp-tool/' failed: Error in connection establishment: net::ERR_CONNECTION_REFUSED @ http://localhost:3001/adp-comp-tool/@vite/client:1034
[  777601ms] [ERROR] WebSocket connection to 'ws://localhost:3001/adp-comp-tool/' failed: Error in connection establishment: net::ERR_CONNECTION_REFUSED @ http://localhost:3001/adp-comp-tool/@vite/client:1034
[  781006ms] [ERROR] WebSocket connection to 'ws://localhost:3001/adp-comp-tool/' failed: Error in connection establishment: net::ERR_CONNECTION_REFUSED @ http://localhost:3001/adp-comp-tool/@vite/client:1034
[  783681ms] [ERROR] WebSocket connection to 'ws://localhost:3001/adp-comp-tool/' failed: Error in connection establishment: net::ERR_CONNECTION_REFUSED @ http://localhost:3001/adp-comp-tool/@vite/client:1034
[  788530ms] [ERROR] WebSocket connection to 'ws://localhost:3001/adp-comp-tool/' failed: Error in connection establishment: net::ERR_CONNECTION_REFUSED @ http://localhost:3001/adp-comp-tool/@vite/client:1034
[  791306ms] [ERROR] WebSocket connection to 'ws://localhost:3001/adp-comp-tool/' failed: Error in connection establishment: net::ERR_CONNECTION_REFUSED @ http://localhost:3001/adp-comp-tool/@vite/client:1034
[  793728ms] [ERROR] WebSocket connection to 'ws://localhost:3001/adp-comp-tool/' failed: Error in connection establishment: net::ERR_CONNECTION_REFUSED @ http://localhost:3001/adp-comp-tool/@vite/client:1034
[  797667ms] [ERROR] WebSocket connection to 'ws://localhost:3001/adp-comp-tool/' failed: Error in connection establishment: net::ERR_CONNECTION_REFUSED @ http://localhost:3001/adp-comp-tool/@vite/client:1034
[  803265ms] [ERROR] WebSocket connection to 'ws://localhost:3001/adp-comp-tool/' failed: Error in connection establishment: net::ERR_CONNECTION_REFUSED @ http://localhost:3001/adp-comp-tool/@vite/client:1034
[  809256ms] [ERROR] WebSocket connection to 'ws://localhost:3001/adp-comp-tool/' failed: Error in connection establishment: net::ERR_CONNECTION_REFUSED @ http://localhost:3001/adp-comp-tool/@vite/client:1034
[  814331ms] [ERROR] WebSocket connection to 'ws://localhost:3001/adp-comp-tool/' failed: Error in connection establishment: net::ERR_CONNECTION_REFUSED @ http://localhost:3001/adp-comp-tool/@vite/client:1034
[  819048ms] [ERROR] WebSocket connection to 'ws://localhost:3001/adp-comp-tool/' failed: Error in connection establishment: net::ERR_CONNECTION_REFUSED @ http://localhost:3001/adp-comp-tool/@vite/client:1034
[  823031ms] [INFO] %cDownload the React DevTools for a better development experience: https://react.dev/link/react-devtools font-weight:bold @ http://localhost:3001/adp-comp-tool/node_modules/.vite/deps/react-dom_client.js?v=0039e234:20100
