[      79ms] [INFO] %cDownload the React DevTools for a better development experience: https://react.dev/link/react-devtools font-weight:bold @ http://localhost:3000/adp-comp-tool/node_modules/.vite/deps/react-dom_client.js?v=20961a76:20100
[   36099ms] [INFO] %cDownload the React DevTools for a better development experience: https://react.dev/link/react-devtools font-weight:bold @ http://localhost:3000/adp-comp-tool/node_modules/.vite/deps/react-dom_client.js?v=20961a76:20100
[   60986ms] [LOG] [vite] server connection lost. Polling for restart... @ http://localhost:3000/adp-comp-tool/@vite/client:963
[   60989ms] [ERROR] WebSocket connection to 'ws://localhost:3000/adp-comp-tool/' failed: Error in connection establishment: net::ERR_CONNECTION_REFUSED @ http://localhost:3000/adp-comp-tool/@vite/client:1034
[   61993ms] [ERROR] WebSocket connection to 'ws://localhost:3000/adp-comp-tool/' failed: Error in connection establishment: net::ERR_CONNECTION_REFUSED @ http://localhost:3000/adp-comp-tool/@vite/client:1034
[   62996ms] [ERROR] WebSocket connection to 'ws://localhost:3000/adp-comp-tool/' failed: Error in connection establishment: net::ERR_CONNECTION_REFUSED @ http://localhost:3000/adp-comp-tool/@vite/client:1034
[   64000ms] [ERROR] WebSocket connection to 'ws://localhost:3000/adp-comp-tool/' failed: Error in connection establishment: net::ERR_CONNECTION_REFUSED @ http://localhost:3000/adp-comp-tool/@vite/client:1034
[   65003ms] [ERROR] WebSocket connection to 'ws://localhost:3000/adp-comp-tool/' failed: Error in connection establishment: net::ERR_CONNECTION_REFUSED @ http://localhost:3000/adp-comp-tool/@vite/client:1034
[   66006ms] [ERROR] WebSocket connection to 'ws://localhost:3000/adp-comp-tool/' failed: Error in connection establishment: net::ERR_CONNECTION_REFUSED @ http://localhost:3000/adp-comp-tool/@vite/client:1034
[   67009ms] [ERROR] WebSocket connection to 'ws://localhost:3000/adp-comp-tool/' failed: Error in connection establishment: net::ERR_CONNECTION_REFUSED @ http://localhost:3000/adp-comp-tool/@vite/client:1034
[   68011ms] [ERROR] WebSocket connection to 'ws://localhost:3000/adp-comp-tool/' failed: Error in connection establishment: net::ERR_CONNECTION_REFUSED @ http://localhost:3000/adp-comp-tool/@vite/client:1034
[   69015ms] [ERROR] WebSocket connection to 'ws://localhost:3000/adp-comp-tool/' failed: Error in connection establishment: net::ERR_CONNECTION_REFUSED @ http://localhost:3000/adp-comp-tool/@vite/client:1034
[   70018ms] [ERROR] WebSocket connection to 'ws://localhost:3000/adp-comp-tool/' failed: Error in connection establishment: net::ERR_CONNECTION_REFUSED @ http://localhost:3000/adp-comp-tool/@vite/client:1034
[   71022ms] [ERROR] WebSocket connection to 'ws://localhost:3000/adp-comp-tool/' failed: Error in connection establishment: net::ERR_CONNECTION_REFUSED @ http://localhost:3000/adp-comp-tool/@vite/client:1034
[   72025ms] [ERROR] WebSocket connection to 'ws://localhost:3000/adp-comp-tool/' failed: Error in connection establishment: net::ERR_CONNECTION_REFUSED @ http://localhost:3000/adp-comp-tool/@vite/client:1034
[   73028ms] [ERROR] WebSocket connection to 'ws://localhost:3000/adp-comp-tool/' failed: Error in connection establishment: net::ERR_CONNECTION_REFUSED @ http://localhost:3000/adp-comp-tool/@vite/client:1034
[   74033ms] [ERROR] WebSocket connection to 'ws://localhost:3000/adp-comp-tool/' failed: Error in connection establishment: net::ERR_CONNECTION_REFUSED @ http://localhost:3000/adp-comp-tool/@vite/client:1034
[   75036ms] [ERROR] WebSocket connection to 'ws://localhost:3000/adp-comp-tool/' failed: Error in connection establishment: net::ERR_CONNECTION_REFUSED @ http://localhost:3000/adp-comp-tool/@vite/client:1034
[   76041ms] [ERROR] WebSocket connection to 'ws://localhost:3000/adp-comp-tool/' failed: Error in connection establishment: net::ERR_CONNECTION_REFUSED @ http://localhost:3000/adp-comp-tool/@vite/client:1034
[   77046ms] [ERROR] WebSocket connection to 'ws://localhost:3000/adp-comp-tool/' failed: Error in connection establishment: net::ERR_CONNECTION_REFUSED @ http://localhost:3000/adp-comp-tool/@vite/client:1034
[   78052ms] [ERROR] WebSocket connection to 'ws://localhost:3000/adp-comp-tool/' failed: Error in connection establishment: net::ERR_CONNECTION_REFUSED @ http://localhost:3000/adp-comp-tool/@vite/client:1034
[   79058ms] [ERROR] WebSocket connection to 'ws://localhost:3000/adp-comp-tool/' failed: Error in connection establishment: net::ERR_CONNECTION_REFUSED @ http://localhost:3000/adp-comp-tool/@vite/client:1034
[   80064ms] [ERROR] WebSocket connection to 'ws://localhost:3000/adp-comp-tool/' failed: Error in connection establishment: net::ERR_CONNECTION_REFUSED @ http://localhost:3000/adp-comp-tool/@vite/client:1034
[   81072ms] [ERROR] WebSocket connection to 'ws://localhost:3000/adp-comp-tool/' failed: Error in connection establishment: net::ERR_CONNECTION_REFUSED @ http://localhost:3000/adp-comp-tool/@vite/client:1034
[   82078ms] [ERROR] WebSocket connection to 'ws://localhost:3000/adp-comp-tool/' failed: Error in connection establishment: net::ERR_CONNECTION_REFUSED @ http://localhost:3000/adp-comp-tool/@vite/client:1034
[   83085ms] [ERROR] WebSocket connection to 'ws://localhost:3000/adp-comp-tool/' failed: Error in connection establishment: net::ERR_CONNECTION_REFUSED @ http://localhost:3000/adp-comp-tool/@vite/client:1034
[   84093ms] [ERROR] WebSocket connection to 'ws://localhost:3000/adp-comp-tool/' failed: Error in connection establishment: net::ERR_CONNECTION_REFUSED @ http://localhost:3000/adp-comp-tool/@vite/client:1034
[   85108ms] [ERROR] WebSocket connection to 'ws://localhost:3000/adp-comp-tool/' failed: Error in connection establishment: net::ERR_CONNECTION_REFUSED @ http://localhost:3000/adp-comp-tool/@vite/client:1034
[   86123ms] [ERROR] WebSocket connection to 'ws://localhost:3000/adp-comp-tool/' failed: Error in connection establishment: net::ERR_CONNECTION_REFUSED @ http://localhost:3000/adp-comp-tool/@vite/client:1034
[   87139ms] [ERROR] WebSocket connection to 'ws://localhost:3000/adp-comp-tool/' failed: Error in connection establishment: net::ERR_CONNECTION_REFUSED @ http://localhost:3000/adp-comp-tool/@vite/client:1034
[   88150ms] [ERROR] WebSocket connection to 'ws://localhost:3000/adp-comp-tool/' failed: Error in connection establishment: net::ERR_CONNECTION_REFUSED @ http://localhost:3000/adp-comp-tool/@vite/client:1034
[   89176ms] [ERROR] WebSocket connection to 'ws://localhost:3000/adp-comp-tool/' failed: Error in connection establishment: net::ERR_CONNECTION_REFUSED @ http://localhost:3000/adp-comp-tool/@vite/client:1034
[   90191ms] [ERROR] WebSocket connection to 'ws://localhost:3000/adp-comp-tool/' failed: Error in connection establishment: net::ERR_CONNECTION_REFUSED @ http://localhost:3000/adp-comp-tool/@vite/client:1034
[   91269ms] [ERROR] WebSocket connection to 'ws://localhost:3000/adp-comp-tool/' failed: Error in connection establishment: net::ERR_CONNECTION_REFUSED @ http://localhost:3000/adp-comp-tool/@vite/client:1034
[   92293ms] [ERROR] WebSocket connection to 'ws://localhost:3000/adp-comp-tool/' failed: Error in connection establishment: net::ERR_CONNECTION_REFUSED @ http://localhost:3000/adp-comp-tool/@vite/client:1034
[   93320ms] [ERROR] WebSocket connection to 'ws://localhost:3000/adp-comp-tool/' failed: Error in connection establishment: net::ERR_CONNECTION_REFUSED @ http://localhost:3000/adp-comp-tool/@vite/client:1034
[   94338ms] [ERROR] WebSocket connection to 'ws://localhost:3000/adp-comp-tool/' failed: Error in connection establishment: net::ERR_CONNECTION_REFUSED @ http://localhost:3000/adp-comp-tool/@vite/client:1034
[   95358ms] [ERROR] WebSocket connection to 'ws://localhost:3000/adp-comp-tool/' failed: Error in connection establishment: net::ERR_CONNECTION_REFUSED @ http://localhost:3000/adp-comp-tool/@vite/client:1034
[   96400ms] [ERROR] WebSocket connection to 'ws://localhost:3000/adp-comp-tool/' failed: Error in connection establishment: net::ERR_CONNECTION_REFUSED @ http://localhost:3000/adp-comp-tool/@vite/client:1034
[   97437ms] [ERROR] WebSocket connection to 'ws://localhost:3000/adp-comp-tool/' failed: Error in connection establishment: net::ERR_CONNECTION_REFUSED @ http://localhost:3000/adp-comp-tool/@vite/client:1034
[   98503ms] [ERROR] WebSocket connection to 'ws://localhost:3000/adp-comp-tool/' failed: Error in connection establishment: net::ERR_CONNECTION_REFUSED @ http://localhost:3000/adp-comp-tool/@vite/client:1034
[   99530ms] [ERROR] WebSocket connection to 'ws://localhost:3000/adp-comp-tool/' failed: Error in connection establishment: net::ERR_CONNECTION_REFUSED @ http://localhost:3000/adp-comp-tool/@vite/client:1034
[  100578ms] [ERROR] WebSocket connection to 'ws://localhost:3000/adp-comp-tool/' failed: Error in connection establishment: net::ERR_CONNECTION_REFUSED @ http://localhost:3000/adp-comp-tool/@vite/client:1034
[  101648ms] [ERROR] WebSocket connection to 'ws://localhost:3000/adp-comp-tool/' failed: Error in connection establishment: net::ERR_CONNECTION_REFUSED @ http://localhost:3000/adp-comp-tool/@vite/client:1034
[  102707ms] [ERROR] WebSocket connection to 'ws://localhost:3000/adp-comp-tool/' failed: Error in connection establishment: net::ERR_CONNECTION_REFUSED @ http://localhost:3000/adp-comp-tool/@vite/client:1034
[  103850ms] [ERROR] WebSocket connection to 'ws://localhost:3000/adp-comp-tool/' failed: Error in connection establishment: net::ERR_CONNECTION_REFUSED @ http://localhost:3000/adp-comp-tool/@vite/client:1034
[  104976ms] [ERROR] WebSocket connection to 'ws://localhost:3000/adp-comp-tool/' failed: Error in connection establishment: net::ERR_CONNECTION_REFUSED @ http://localhost:3000/adp-comp-tool/@vite/client:1034
[  106135ms] [ERROR] WebSocket connection to 'ws://localhost:3000/adp-comp-tool/' failed: Error in connection establishment: net::ERR_CONNECTION_REFUSED @ http://localhost:3000/adp-comp-tool/@vite/client:1034
[  107432ms] [ERROR] WebSocket connection to 'ws://localhost:3000/adp-comp-tool/' failed: Error in connection establishment: net::ERR_CONNECTION_REFUSED @ http://localhost:3000/adp-comp-tool/@vite/client:1034
[  108649ms] [ERROR] WebSocket connection to 'ws://localhost:3000/adp-comp-tool/' failed: Error in connection establishment: net::ERR_CONNECTION_REFUSED @ http://localhost:3000/adp-comp-tool/@vite/client:1034
[  109960ms] [ERROR] WebSocket connection to 'ws://localhost:3000/adp-comp-tool/' failed: Error in connection establishment: net::ERR_CONNECTION_REFUSED @ http://localhost:3000/adp-comp-tool/@vite/client:1034
[  111470ms] [ERROR] WebSocket connection to 'ws://localhost:3000/adp-comp-tool/' failed: Error in connection establishment: net::ERR_CONNECTION_REFUSED @ http://localhost:3000/adp-comp-tool/@vite/client:1034
[  112639ms] [ERROR] WebSocket connection to 'ws://localhost:3000/adp-comp-tool/' failed: Error in connection establishment: net::ERR_CONNECTION_REFUSED @ http://localhost:3000/adp-comp-tool/@vite/client:1034
[  114034ms] [ERROR] WebSocket connection to 'ws://localhost:3000/adp-comp-tool/' failed: Error in connection establishment: net::ERR_CONNECTION_REFUSED @ http://localhost:3000/adp-comp-tool/@vite/client:1034
[  115274ms] [ERROR] WebSocket connection to 'ws://localhost:3000/adp-comp-tool/' failed: Error in connection establishment: net::ERR_CONNECTION_REFUSED @ http://localhost:3000/adp-comp-tool/@vite/client:1034
[  116547ms] [ERROR] WebSocket connection to 'ws://localhost:3000/adp-comp-tool/' failed: Error in connection establishment: net::ERR_CONNECTION_REFUSED @ http://localhost:3000/adp-comp-tool/@vite/client:1034
[  118789ms] [ERROR] WebSocket connection to 'ws://localhost:3000/adp-comp-tool/' failed: Error in connection establishment: net::ERR_CONNECTION_REFUSED @ http://localhost:3000/adp-comp-tool/@vite/client:1034
[  121023ms] [ERROR] WebSocket connection to 'ws://localhost:3000/adp-comp-tool/' failed: Error in connection establishment: net::ERR_CONNECTION_REFUSED @ http://localhost:3000/adp-comp-tool/@vite/client:1034
[  122858ms] [ERROR] WebSocket connection to 'ws://localhost:3000/adp-comp-tool/' failed: Error in connection establishment: net::ERR_CONNECTION_REFUSED @ http://localhost:3000/adp-comp-tool/@vite/client:1034
[  125531ms] [ERROR] WebSocket connection to 'ws://localhost:3000/adp-comp-tool/' failed: Error in connection establishment: net::ERR_CONNECTION_REFUSED @ http://localhost:3000/adp-comp-tool/@vite/client:1034
[  127970ms] [ERROR] WebSocket connection to 'ws://localhost:3000/adp-comp-tool/' failed: Error in connection establishment: net::ERR_CONNECTION_REFUSED @ http://localhost:3000/adp-comp-tool/@vite/client:1034
[  133703ms] [ERROR] WebSocket connection to 'ws://localhost:3000/adp-comp-tool/' failed: Error in connection establishment: net::ERR_CONNECTION_REFUSED @ http://localhost:3000/adp-comp-tool/@vite/client:1034
[  138348ms] [ERROR] WebSocket connection to 'ws://localhost:3000/adp-comp-tool/' failed: Error in connection establishment: net::ERR_CONNECTION_REFUSED @ http://localhost:3000/adp-comp-tool/@vite/client:1034
[  140989ms] [ERROR] WebSocket connection to 'ws://localhost:3000/adp-comp-tool/' failed: Error in connection establishment: net::ERR_CONNECTION_REFUSED @ http://localhost:3000/adp-comp-tool/@vite/client:1034
[  143498ms] [ERROR] WebSocket connection to 'ws://localhost:3000/adp-comp-tool/' failed: Error in connection establishment: net::ERR_CONNECTION_REFUSED @ http://localhost:3000/adp-comp-tool/@vite/client:1034
[  147291ms] [ERROR] WebSocket connection to 'ws://localhost:3000/adp-comp-tool/' failed: Error in connection establishment: net::ERR_CONNECTION_REFUSED @ http://localhost:3000/adp-comp-tool/@vite/client:1034
[  150552ms] [ERROR] WebSocket connection to 'ws://localhost:3000/adp-comp-tool/' failed: Error in connection establishment: net::ERR_CONNECTION_REFUSED @ http://localhost:3000/adp-comp-tool/@vite/client:1034
[  154624ms] [ERROR] WebSocket connection to 'ws://localhost:3000/adp-comp-tool/' failed: Error in connection establishment: net::ERR_CONNECTION_REFUSED @ http://localhost:3000/adp-comp-tool/@vite/client:1034
[  157090ms] [ERROR] WebSocket connection to 'ws://localhost:3000/adp-comp-tool/' failed: Error in connection establishment: net::ERR_CONNECTION_REFUSED @ http://localhost:3000/adp-comp-tool/@vite/client:1034
[  160913ms] [ERROR] WebSocket connection to 'ws://localhost:3000/adp-comp-tool/' failed: Error in connection establishment: net::ERR_CONNECTION_REFUSED @ http://localhost:3000/adp-comp-tool/@vite/client:1034
[  163130ms] [ERROR] WebSocket connection to 'ws://localhost:3000/adp-comp-tool/' failed: Error in connection establishment: net::ERR_CONNECTION_REFUSED @ http://localhost:3000/adp-comp-tool/@vite/client:1034
[  168402ms] [ERROR] WebSocket connection to 'ws://localhost:3000/adp-comp-tool/' failed: Error in connection establishment: net::ERR_CONNECTION_REFUSED @ http://localhost:3000/adp-comp-tool/@vite/client:1034
[  171979ms] [ERROR] WebSocket connection to 'ws://localhost:3000/adp-comp-tool/' failed: Error in connection establishment: net::ERR_CONNECTION_REFUSED @ http://localhost:3000/adp-comp-tool/@vite/client:1034
[  174574ms] [ERROR] WebSocket connection to 'ws://localhost:3000/adp-comp-tool/' failed: Error in connection establishment: net::ERR_CONNECTION_REFUSED @ http://localhost:3000/adp-comp-tool/@vite/client:1034
[  179365ms] [ERROR] WebSocket connection to 'ws://localhost:3000/adp-comp-tool/' failed: Error in connection establishment: net::ERR_CONNECTION_REFUSED @ http://localhost:3000/adp-comp-tool/@vite/client:1034
[  185267ms] [ERROR] WebSocket connection to 'ws://localhost:3000/adp-comp-tool/' failed: Error in connection establishment: net::ERR_CONNECTION_REFUSED @ http://localhost:3000/adp-comp-tool/@vite/client:1034
[  187665ms] [ERROR] WebSocket connection to 'ws://localhost:3000/adp-comp-tool/' failed: Error in connection establishment: net::ERR_CONNECTION_REFUSED @ http://localhost:3000/adp-comp-tool/@vite/client:1034
[  191399ms] [ERROR] WebSocket connection to 'ws://localhost:3000/adp-comp-tool/' failed: Error in connection establishment: net::ERR_CONNECTION_REFUSED @ http://localhost:3000/adp-comp-tool/@vite/client:1034
[  193532ms] [ERROR] WebSocket connection to 'ws://localhost:3000/adp-comp-tool/' failed: Error in connection establishment: net::ERR_CONNECTION_REFUSED @ http://localhost:3000/adp-comp-tool/@vite/client:1034
[  196256ms] [ERROR] WebSocket connection to 'ws://localhost:3000/adp-comp-tool/' failed: Error in connection establishment: net::ERR_CONNECTION_REFUSED @ http://localhost:3000/adp-comp-tool/@vite/client:1034
[  202157ms] [ERROR] WebSocket connection to 'ws://localhost:3000/adp-comp-tool/' failed: Error in connection establishment: net::ERR_CONNECTION_REFUSED @ http://localhost:3000/adp-comp-tool/@vite/client:1034
[  206994ms] [ERROR] WebSocket connection to 'ws://localhost:3000/adp-comp-tool/' failed: Error in connection establishment: net::ERR_CONNECTION_REFUSED @ http://localhost:3000/adp-comp-tool/@vite/client:1034
[  210754ms] [ERROR] WebSocket connection to 'ws://localhost:3000/adp-comp-tool/' failed: Error in connection establishment: net::ERR_CONNECTION_REFUSED @ http://localhost:3000/adp-comp-tool/@vite/client:1034
[  215140ms] [ERROR] WebSocket connection to 'ws://localhost:3000/adp-comp-tool/' failed: Error in connection establishment: net::ERR_CONNECTION_REFUSED @ http://localhost:3000/adp-comp-tool/@vite/client:1034
[  219985ms] [ERROR] WebSocket connection to 'ws://localhost:3000/adp-comp-tool/' failed: Error in connection establishment: net::ERR_CONNECTION_REFUSED @ http://localhost:3000/adp-comp-tool/@vite/client:1034
[  223353ms] [ERROR] WebSocket connection to 'ws://localhost:3000/adp-comp-tool/' failed: Error in connection establishment: net::ERR_CONNECTION_REFUSED @ http://localhost:3000/adp-comp-tool/@vite/client:1034
[  227366ms] [ERROR] WebSocket connection to 'ws://localhost:3000/adp-comp-tool/' failed: Error in connection establishment: net::ERR_CONNECTION_REFUSED @ http://localhost:3000/adp-comp-tool/@vite/client:1034
[  233202ms] [ERROR] WebSocket connection to 'ws://localhost:3000/adp-comp-tool/' failed: Error in connection establishment: net::ERR_CONNECTION_REFUSED @ http://localhost:3000/adp-comp-tool/@vite/client:1034
[  237460ms] [ERROR] WebSocket connection to 'ws://localhost:3000/adp-comp-tool/' failed: Error in connection establishment: net::ERR_CONNECTION_REFUSED @ http://localhost:3000/adp-comp-tool/@vite/client:1034
[  241460ms] [ERROR] WebSocket connection to 'ws://localhost:3000/adp-comp-tool/' failed: Error in connection establishment: net::ERR_CONNECTION_REFUSED @ http://localhost:3000/adp-comp-tool/@vite/client:1034
[  247352ms] [ERROR] WebSocket connection to 'ws://localhost:3000/adp-comp-tool/' failed: Error in connection establishment: net::ERR_CONNECTION_REFUSED @ http://localhost:3000/adp-comp-tool/@vite/client:1034
[  252758ms] [ERROR] WebSocket connection to 'ws://localhost:3000/adp-comp-tool/' failed: Error in connection establishment: net::ERR_CONNECTION_REFUSED @ http://localhost:3000/adp-comp-tool/@vite/client:1034
[  258299ms] [ERROR] WebSocket connection to 'ws://localhost:3000/adp-comp-tool/' failed: Error in connection establishment: net::ERR_CONNECTION_REFUSED @ http://localhost:3000/adp-comp-tool/@vite/client:1034
[  260568ms] [ERROR] WebSocket connection to 'ws://localhost:3000/adp-comp-tool/' failed: Error in connection establishment: net::ERR_CONNECTION_REFUSED @ http://localhost:3000/adp-comp-tool/@vite/client:1034
[  265227ms] [ERROR] WebSocket connection to 'ws://localhost:3000/adp-comp-tool/' failed: Error in connection establishment: net::ERR_CONNECTION_REFUSED @ http://localhost:3000/adp-comp-tool/@vite/client:1034
[  267934ms] [ERROR] WebSocket connection to 'ws://localhost:3000/adp-comp-tool/' failed: Error in connection establishment: net::ERR_CONNECTION_REFUSED @ http://localhost:3000/adp-comp-tool/@vite/client:1034
[  273532ms] [ERROR] WebSocket connection to 'ws://localhost:3000/adp-comp-tool/' failed: Error in connection establishment: net::ERR_CONNECTION_REFUSED @ http://localhost:3000/adp-comp-tool/@vite/client:1034
[  278192ms] [ERROR] WebSocket connection to 'ws://localhost:3000/adp-comp-tool/' failed: Error in connection establishment: net::ERR_CONNECTION_REFUSED @ http://localhost:3000/adp-comp-tool/@vite/client:1034
[  282536ms] [ERROR] WebSocket connection to 'ws://localhost:3000/adp-comp-tool/' failed: Error in connection establishment: net::ERR_CONNECTION_REFUSED @ http://localhost:3000/adp-comp-tool/@vite/client:1034
[  288374ms] [ERROR] WebSocket connection to 'ws://localhost:3000/adp-comp-tool/' failed: Error in connection establishment: net::ERR_CONNECTION_REFUSED @ http://localhost:3000/adp-comp-tool/@vite/client:1034
[  294325ms] [ERROR] WebSocket connection to 'ws://localhost:3000/adp-comp-tool/' failed: Error in connection establishment: net::ERR_CONNECTION_REFUSED @ http://localhost:3000/adp-comp-tool/@vite/client:1034
[  299956ms] [ERROR] WebSocket connection to 'ws://localhost:3000/adp-comp-tool/' failed: Error in connection establishment: net::ERR_CONNECTION_REFUSED @ http://localhost:3000/adp-comp-tool/@vite/client:1034
[  302976ms] [ERROR] WebSocket connection to 'ws://localhost:3000/adp-comp-tool/' failed: Error in connection establishment: net::ERR_CONNECTION_REFUSED @ http://localhost:3000/adp-comp-tool/@vite/client:1034
[  305216ms] [ERROR] WebSocket connection to 'ws://localhost:3000/adp-comp-tool/' failed: Error in connection establishment: net::ERR_CONNECTION_REFUSED @ http://localhost:3000/adp-comp-tool/@vite/client:1034
[  308825ms] [ERROR] WebSocket connection to 'ws://localhost:3000/adp-comp-tool/' failed: Error in connection establishment: net::ERR_CONNECTION_REFUSED @ http://localhost:3000/adp-comp-tool/@vite/client:1034
[  313225ms] [ERROR] WebSocket connection to 'ws://localhost:3000/adp-comp-tool/' failed: Error in connection establishment: net::ERR_CONNECTION_REFUSED @ http://localhost:3000/adp-comp-tool/@vite/client:1034
[  318845ms] [ERROR] WebSocket connection to 'ws://localhost:3000/adp-comp-tool/' failed: Error in connection establishment: net::ERR_CONNECTION_REFUSED @ http://localhost:3000/adp-comp-tool/@vite/client:1034
[  323708ms] [ERROR] WebSocket connection to 'ws://localhost:3000/adp-comp-tool/' failed: Error in connection establishment: net::ERR_CONNECTION_REFUSED @ http://localhost:3000/adp-comp-tool/@vite/client:1034
[  326363ms] [ERROR] WebSocket connection to 'ws://localhost:3000/adp-comp-tool/' failed: Error in connection establishment: net::ERR_CONNECTION_REFUSED @ http://localhost:3000/adp-comp-tool/@vite/client:1034
[  330941ms] [ERROR] WebSocket connection to 'ws://localhost:3000/adp-comp-tool/' failed: Error in connection establishment: net::ERR_CONNECTION_REFUSED @ http://localhost:3000/adp-comp-tool/@vite/client:1034
[  336443ms] [ERROR] WebSocket connection to 'ws://localhost:3000/adp-comp-tool/' failed: Error in connection establishment: net::ERR_CONNECTION_REFUSED @ http://localhost:3000/adp-comp-tool/@vite/client:1034
[  341800ms] [ERROR] WebSocket connection to 'ws://localhost:3000/adp-comp-tool/' failed: Error in connection establishment: net::ERR_CONNECTION_REFUSED @ http://localhost:3000/adp-comp-tool/@vite/client:1034
[  344917ms] [ERROR] WebSocket connection to 'ws://localhost:3000/adp-comp-tool/' failed: Error in connection establishment: net::ERR_CONNECTION_REFUSED @ http://localhost:3000/adp-comp-tool/@vite/client:1034
[  349241ms] [ERROR] WebSocket connection to 'ws://localhost:3000/adp-comp-tool/' failed: Error in connection establishment: net::ERR_CONNECTION_REFUSED @ http://localhost:3000/adp-comp-tool/@vite/client:1034
[  355100ms] [ERROR] WebSocket connection to 'ws://localhost:3000/adp-comp-tool/' failed: Error in connection establishment: net::ERR_CONNECTION_REFUSED @ http://localhost:3000/adp-comp-tool/@vite/client:1034
[  357503ms] [ERROR] WebSocket connection to 'ws://localhost:3000/adp-comp-tool/' failed: Error in connection establishment: net::ERR_CONNECTION_REFUSED @ http://localhost:3000/adp-comp-tool/@vite/client:1034
[  360617ms] [ERROR] WebSocket connection to 'ws://localhost:3000/adp-comp-tool/' failed: Error in connection establishment: net::ERR_CONNECTION_REFUSED @ http://localhost:3000/adp-comp-tool/@vite/client:1034
