[      33ms] [INFO] %cDownload the React DevTools for a better development experience: https://react.dev/link/react-devtools font-weight:bold @ http://localhost:3000/adp-comp-tool/node_modules/.vite/deps/react-dom_client.js?v=0039e234:20100
[   14264ms] [LOG] [vite] server connection lost. Polling for restart... @ http://localhost:3000/adp-comp-tool/@vite/client:963
[   14266ms] [ERROR] WebSocket connection to 'ws://localhost:3000/adp-comp-tool/' failed: Error in connection establishment: net::ERR_CONNECTION_REFUSED @ http://localhost:3000/adp-comp-tool/@vite/client:1034
[   15269ms] [ERROR] WebSocket connection to 'ws://localhost:3000/adp-comp-tool/' failed: Error in connection establishment: net::ERR_CONNECTION_REFUSED @ http://localhost:3000/adp-comp-tool/@vite/client:1034
[   16273ms] [ERROR] WebSocket connection to 'ws://localhost:3000/adp-comp-tool/' failed: Error in connection establishment: net::ERR_CONNECTION_REFUSED @ http://localhost:3000/adp-comp-tool/@vite/client:1034
[   17276ms] [ERROR] WebSocket connection to 'ws://localhost:3000/adp-comp-tool/' failed: Error in connection establishment: net::ERR_CONNECTION_REFUSED @ http://localhost:3000/adp-comp-tool/@vite/client:1034
[   18280ms] [ERROR] WebSocket connection to 'ws://localhost:3000/adp-comp-tool/' failed: Error in connection establishment: net::ERR_CONNECTION_REFUSED @ http://localhost:3000/adp-comp-tool/@vite/client:1034
[   19286ms] [ERROR] WebSocket connection to 'ws://localhost:3000/adp-comp-tool/' failed: Error in connection establishment: net::ERR_CONNECTION_REFUSED @ http://localhost:3000/adp-comp-tool/@vite/client:1034
[   20290ms] [ERROR] WebSocket connection to 'ws://localhost:3000/adp-comp-tool/' failed: Error in connection establishment: net::ERR_CONNECTION_REFUSED @ http://localhost:3000/adp-comp-tool/@vite/client:1034
[   21294ms] [ERROR] WebSocket connection to 'ws://localhost:3000/adp-comp-tool/' failed: Error in connection establishment: net::ERR_CONNECTION_REFUSED @ http://localhost:3000/adp-comp-tool/@vite/client:1034
[   22299ms] [ERROR] WebSocket connection to 'ws://localhost:3000/adp-comp-tool/' failed: Error in connection establishment: net::ERR_CONNECTION_REFUSED @ http://localhost:3000/adp-comp-tool/@vite/client:1034
[   23304ms] [ERROR] WebSocket connection to 'ws://localhost:3000/adp-comp-tool/' failed: Error in connection establishment: net::ERR_CONNECTION_REFUSED @ http://localhost:3000/adp-comp-tool/@vite/client:1034
[   24309ms] [ERROR] WebSocket connection to 'ws://localhost:3000/adp-comp-tool/' failed: Error in connection establishment: net::ERR_CONNECTION_REFUSED @ http://localhost:3000/adp-comp-tool/@vite/client:1034
[   25317ms] [ERROR] WebSocket connection to 'ws://localhost:3000/adp-comp-tool/' failed: Error in connection establishment: net::ERR_CONNECTION_REFUSED @ http://localhost:3000/adp-comp-tool/@vite/client:1034
[   26328ms] [ERROR] WebSocket connection to 'ws://localhost:3000/adp-comp-tool/' failed: Error in connection establishment: net::ERR_CONNECTION_REFUSED @ http://localhost:3000/adp-comp-tool/@vite/client:1034
[   27336ms] [ERROR] WebSocket connection to 'ws://localhost:3000/adp-comp-tool/' failed: Error in connection establishment: net::ERR_CONNECTION_REFUSED @ http://localhost:3000/adp-comp-tool/@vite/client:1034
[   28352ms] [ERROR] WebSocket connection to 'ws://localhost:3000/adp-comp-tool/' failed: Error in connection establishment: net::ERR_CONNECTION_REFUSED @ http://localhost:3000/adp-comp-tool/@vite/client:1034
[   29370ms] [ERROR] WebSocket connection to 'ws://localhost:3000/adp-comp-tool/' failed: Error in connection establishment: net::ERR_CONNECTION_REFUSED @ http://localhost:3000/adp-comp-tool/@vite/client:1034
[   30386ms] [ERROR] WebSocket connection to 'ws://localhost:3000/adp-comp-tool/' failed: Error in connection establishment: net::ERR_CONNECTION_REFUSED @ http://localhost:3000/adp-comp-tool/@vite/client:1034
[   31429ms] [ERROR] WebSocket connection to 'ws://localhost:3000/adp-comp-tool/' failed: Error in connection establishment: net::ERR_CONNECTION_REFUSED @ http://localhost:3000/adp-comp-tool/@vite/client:1034
[   32477ms] [ERROR] WebSocket connection to 'ws://localhost:3000/adp-comp-tool/' failed: Error in connection establishment: net::ERR_CONNECTION_REFUSED @ http://localhost:3000/adp-comp-tool/@vite/client:1034
[   33527ms] [ERROR] WebSocket connection to 'ws://localhost:3000/adp-comp-tool/' failed: Error in connection establishment: net::ERR_CONNECTION_REFUSED @ http://localhost:3000/adp-comp-tool/@vite/client:1034
[   34603ms] [ERROR] WebSocket connection to 'ws://localhost:3000/adp-comp-tool/' failed: Error in connection establishment: net::ERR_CONNECTION_REFUSED @ http://localhost:3000/adp-comp-tool/@vite/client:1034
[   35688ms] [ERROR] WebSocket connection to 'ws://localhost:3000/adp-comp-tool/' failed: Error in connection establishment: net::ERR_CONNECTION_REFUSED @ http://localhost:3000/adp-comp-tool/@vite/client:1034
[   36843ms] [ERROR] WebSocket connection to 'ws://localhost:3000/adp-comp-tool/' failed: Error in connection establishment: net::ERR_CONNECTION_REFUSED @ http://localhost:3000/adp-comp-tool/@vite/client:1034
[   37966ms] [ERROR] WebSocket connection to 'ws://localhost:3000/adp-comp-tool/' failed: Error in connection establishment: net::ERR_CONNECTION_REFUSED @ http://localhost:3000/adp-comp-tool/@vite/client:1034
[   39439ms] [ERROR] WebSocket connection to 'ws://localhost:3000/adp-comp-tool/' failed: Error in connection establishment: net::ERR_CONNECTION_REFUSED @ http://localhost:3000/adp-comp-tool/@vite/client:1034
[   41050ms] [ERROR] WebSocket connection to 'ws://localhost:3000/adp-comp-tool/' failed: Error in connection establishment: net::ERR_CONNECTION_REFUSED @ http://localhost:3000/adp-comp-tool/@vite/client:1034
[   43070ms] [ERROR] WebSocket connection to 'ws://localhost:3000/adp-comp-tool/' failed: Error in connection establishment: net::ERR_CONNECTION_REFUSED @ http://localhost:3000/adp-comp-tool/@vite/client:1034
[   44367ms] [ERROR] WebSocket connection to 'ws://localhost:3000/adp-comp-tool/' failed: Error in connection establishment: net::ERR_CONNECTION_REFUSED @ http://localhost:3000/adp-comp-tool/@vite/client:1034
[   46827ms] [ERROR] WebSocket connection to 'ws://localhost:3000/adp-comp-tool/' failed: Error in connection establishment: net::ERR_CONNECTION_REFUSED @ http://localhost:3000/adp-comp-tool/@vite/client:1034
[   49093ms] [ERROR] WebSocket connection to 'ws://localhost:3000/adp-comp-tool/' failed: Error in connection establishment: net::ERR_CONNECTION_REFUSED @ http://localhost:3000/adp-comp-tool/@vite/client:1034
[   52037ms] [ERROR] WebSocket connection to 'ws://localhost:3000/adp-comp-tool/' failed: Error in connection establishment: net::ERR_CONNECTION_REFUSED @ http://localhost:3000/adp-comp-tool/@vite/client:1034
[   55828ms] [ERROR] WebSocket connection to 'ws://localhost:3000/adp-comp-tool/' failed: Error in connection establishment: net::ERR_CONNECTION_REFUSED @ http://localhost:3000/adp-comp-tool/@vite/client:1034
[   59182ms] [INFO] %cDownload the React DevTools for a better development experience: https://react.dev/link/react-devtools font-weight:bold @ http://localhost:3000/adp-comp-tool/node_modules/.vite/deps/react-dom_client.js?v=0039e234:20100
[   66367ms] [LOG] [vite] server connection lost. Polling for restart... @ http://localhost:3000/adp-comp-tool/@vite/client:963
[   66389ms] [ERROR] WebSocket connection to 'ws://localhost:3000/adp-comp-tool/' failed: Error in connection establishment: net::ERR_CONNECTION_REFUSED @ http://localhost:3000/adp-comp-tool/@vite/client:1034
[   67419ms] [ERROR] WebSocket connection to 'ws://localhost:3000/adp-comp-tool/' failed: Error in connection establishment: net::ERR_CONNECTION_REFUSED @ http://localhost:3000/adp-comp-tool/@vite/client:1034
[   68449ms] [ERROR] WebSocket connection to 'ws://localhost:3000/adp-comp-tool/' failed: Error in connection establishment: net::ERR_CONNECTION_REFUSED @ http://localhost:3000/adp-comp-tool/@vite/client:1034
[   69488ms] [ERROR] WebSocket connection to 'ws://localhost:3000/adp-comp-tool/' failed: Error in connection establishment: net::ERR_CONNECTION_REFUSED @ http://localhost:3000/adp-comp-tool/@vite/client:1034
[   70536ms] [ERROR] WebSocket connection to 'ws://localhost:3000/adp-comp-tool/' failed: Error in connection establishment: net::ERR_CONNECTION_REFUSED @ http://localhost:3000/adp-comp-tool/@vite/client:1034
[   71603ms] [ERROR] WebSocket connection to 'ws://localhost:3000/adp-comp-tool/' failed: Error in connection establishment: net::ERR_CONNECTION_REFUSED @ http://localhost:3000/adp-comp-tool/@vite/client:1034
[   72657ms] [ERROR] WebSocket connection to 'ws://localhost:3000/adp-comp-tool/' failed: Error in connection establishment: net::ERR_CONNECTION_REFUSED @ http://localhost:3000/adp-comp-tool/@vite/client:1034
[   73694ms] [ERROR] WebSocket connection to 'ws://localhost:3000/adp-comp-tool/' failed: Error in connection establishment: net::ERR_CONNECTION_REFUSED @ http://localhost:3000/adp-comp-tool/@vite/client:1034
[   74784ms] [ERROR] WebSocket connection to 'ws://localhost:3000/adp-comp-tool/' failed: Error in connection establishment: net::ERR_CONNECTION_REFUSED @ http://localhost:3000/adp-comp-tool/@vite/client:1034
[   75892ms] [ERROR] WebSocket connection to 'ws://localhost:3000/adp-comp-tool/' failed: Error in connection establishment: net::ERR_CONNECTION_REFUSED @ http://localhost:3000/adp-comp-tool/@vite/client:1034
[   76941ms] [ERROR] WebSocket connection to 'ws://localhost:3000/adp-comp-tool/' failed: Error in connection establishment: net::ERR_CONNECTION_REFUSED @ http://localhost:3000/adp-comp-tool/@vite/client:1034
[   78037ms] [ERROR] WebSocket connection to 'ws://localhost:3000/adp-comp-tool/' failed: Error in connection establishment: net::ERR_CONNECTION_REFUSED @ http://localhost:3000/adp-comp-tool/@vite/client:1034
[   79161ms] [ERROR] WebSocket connection to 'ws://localhost:3000/adp-comp-tool/' failed: Error in connection establishment: net::ERR_CONNECTION_REFUSED @ http://localhost:3000/adp-comp-tool/@vite/client:1034
[   80253ms] [ERROR] WebSocket connection to 'ws://localhost:3000/adp-comp-tool/' failed: Error in connection establishment: net::ERR_CONNECTION_REFUSED @ http://localhost:3000/adp-comp-tool/@vite/client:1034
[   81511ms] [ERROR] WebSocket connection to 'ws://localhost:3000/adp-comp-tool/' failed: Error in connection establishment: net::ERR_CONNECTION_REFUSED @ http://localhost:3000/adp-comp-tool/@vite/client:1034
[   82794ms] [ERROR] WebSocket connection to 'ws://localhost:3000/adp-comp-tool/' failed: Error in connection establishment: net::ERR_CONNECTION_REFUSED @ http://localhost:3000/adp-comp-tool/@vite/client:1034
[   84086ms] [ERROR] WebSocket connection to 'ws://localhost:3000/adp-comp-tool/' failed: Error in connection establishment: net::ERR_CONNECTION_REFUSED @ http://localhost:3000/adp-comp-tool/@vite/client:1034
[   85487ms] [ERROR] WebSocket connection to 'ws://localhost:3000/adp-comp-tool/' failed: Error in connection establishment: net::ERR_CONNECTION_REFUSED @ http://localhost:3000/adp-comp-tool/@vite/client:1034
[   86739ms] [ERROR] WebSocket connection to 'ws://localhost:3000/adp-comp-tool/' failed: Error in connection establishment: net::ERR_CONNECTION_REFUSED @ http://localhost:3000/adp-comp-tool/@vite/client:1034
[   88303ms] [ERROR] WebSocket connection to 'ws://localhost:3000/adp-comp-tool/' failed: Error in connection establishment: net::ERR_CONNECTION_REFUSED @ http://localhost:3000/adp-comp-tool/@vite/client:1034
[   90205ms] [ERROR] WebSocket connection to 'ws://localhost:3000/adp-comp-tool/' failed: Error in connection establishment: net::ERR_CONNECTION_REFUSED @ http://localhost:3000/adp-comp-tool/@vite/client:1034
[   91635ms] [ERROR] WebSocket connection to 'ws://localhost:3000/adp-comp-tool/' failed: Error in connection establishment: net::ERR_CONNECTION_REFUSED @ http://localhost:3000/adp-comp-tool/@vite/client:1034
[   93605ms] [ERROR] WebSocket connection to 'ws://localhost:3000/adp-comp-tool/' failed: Error in connection establishment: net::ERR_CONNECTION_REFUSED @ http://localhost:3000/adp-comp-tool/@vite/client:1034
[   95463ms] [ERROR] WebSocket connection to 'ws://localhost:3000/adp-comp-tool/' failed: Error in connection establishment: net::ERR_CONNECTION_REFUSED @ http://localhost:3000/adp-comp-tool/@vite/client:1034
[   98592ms] [ERROR] WebSocket connection to 'ws://localhost:3000/adp-comp-tool/' failed: Error in connection establishment: net::ERR_CONNECTION_REFUSED @ http://localhost:3000/adp-comp-tool/@vite/client:1034
[  101236ms] [ERROR] WebSocket connection to 'ws://localhost:3000/adp-comp-tool/' failed: Error in connection establishment: net::ERR_CONNECTION_REFUSED @ http://localhost:3000/adp-comp-tool/@vite/client:1034
[  104485ms] [ERROR] WebSocket connection to 'ws://localhost:3000/adp-comp-tool/' failed: Error in connection establishment: net::ERR_CONNECTION_REFUSED @ http://localhost:3000/adp-comp-tool/@vite/client:1034
[  106128ms] [ERROR] WebSocket connection to 'ws://localhost:3000/adp-comp-tool/' failed: Error in connection establishment: net::ERR_CONNECTION_REFUSED @ http://localhost:3000/adp-comp-tool/@vite/client:1034
[  111508ms] [ERROR] WebSocket connection to 'ws://localhost:3000/adp-comp-tool/' failed: Error in connection establishment: net::ERR_CONNECTION_REFUSED @ http://localhost:3000/adp-comp-tool/@vite/client:1034
[  114162ms] [ERROR] WebSocket connection to 'ws://localhost:3000/adp-comp-tool/' failed: Error in connection establishment: net::ERR_CONNECTION_REFUSED @ http://localhost:3000/adp-comp-tool/@vite/client:1034
[  117538ms] [ERROR] WebSocket connection to 'ws://localhost:3000/adp-comp-tool/' failed: Error in connection establishment: net::ERR_CONNECTION_REFUSED @ http://localhost:3000/adp-comp-tool/@vite/client:1034
[  123527ms] [ERROR] WebSocket connection to 'ws://localhost:3000/adp-comp-tool/' failed: Error in connection establishment: net::ERR_CONNECTION_REFUSED @ http://localhost:3000/adp-comp-tool/@vite/client:1034
[  125619ms] [ERROR] WebSocket connection to 'ws://localhost:3000/adp-comp-tool/' failed: Error in connection establishment: net::ERR_CONNECTION_REFUSED @ http://localhost:3000/adp-comp-tool/@vite/client:1034
[  127702ms] [ERROR] WebSocket connection to 'ws://localhost:3000/adp-comp-tool/' failed: Error in connection establishment: net::ERR_CONNECTION_REFUSED @ http://localhost:3000/adp-comp-tool/@vite/client:1034
[  132735ms] [ERROR] WebSocket connection to 'ws://localhost:3000/adp-comp-tool/' failed: Error in connection establishment: net::ERR_CONNECTION_REFUSED @ http://localhost:3000/adp-comp-tool/@vite/client:1034
[  137636ms] [ERROR] WebSocket connection to 'ws://localhost:3000/adp-comp-tool/' failed: Error in connection establishment: net::ERR_CONNECTION_REFUSED @ http://localhost:3000/adp-comp-tool/@vite/client:1034
[  143637ms] [ERROR] WebSocket connection to 'ws://localhost:3000/adp-comp-tool/' failed: Error in connection establishment: net::ERR_CONNECTION_REFUSED @ http://localhost:3000/adp-comp-tool/@vite/client:1034
[  145802ms] [ERROR] WebSocket connection to 'ws://localhost:3000/adp-comp-tool/' failed: Error in connection establishment: net::ERR_CONNECTION_REFUSED @ http://localhost:3000/adp-comp-tool/@vite/client:1034
[  150044ms] [ERROR] WebSocket connection to 'ws://localhost:3000/adp-comp-tool/' failed: Error in connection establishment: net::ERR_CONNECTION_REFUSED @ http://localhost:3000/adp-comp-tool/@vite/client:1034
[  153635ms] [ERROR] WebSocket connection to 'ws://localhost:3000/adp-comp-tool/' failed: Error in connection establishment: net::ERR_CONNECTION_REFUSED @ http://localhost:3000/adp-comp-tool/@vite/client:1034
[  158665ms] [ERROR] WebSocket connection to 'ws://localhost:3000/adp-comp-tool/' failed: Error in connection establishment: net::ERR_CONNECTION_REFUSED @ http://localhost:3000/adp-comp-tool/@vite/client:1034
[  163823ms] [ERROR] WebSocket connection to 'ws://localhost:3000/adp-comp-tool/' failed: Error in connection establishment: net::ERR_CONNECTION_REFUSED @ http://localhost:3000/adp-comp-tool/@vite/client:1034
[  168507ms] [ERROR] WebSocket connection to 'ws://localhost:3000/adp-comp-tool/' failed: Error in connection establishment: net::ERR_CONNECTION_REFUSED @ http://localhost:3000/adp-comp-tool/@vite/client:1034
[  172435ms] [ERROR] WebSocket connection to 'ws://localhost:3000/adp-comp-tool/' failed: Error in connection establishment: net::ERR_CONNECTION_REFUSED @ http://localhost:3000/adp-comp-tool/@vite/client:1034
[  175518ms] [ERROR] WebSocket connection to 'ws://localhost:3000/adp-comp-tool/' failed: Error in connection establishment: net::ERR_CONNECTION_REFUSED @ http://localhost:3000/adp-comp-tool/@vite/client:1034
[  180193ms] [ERROR] WebSocket connection to 'ws://localhost:3000/adp-comp-tool/' failed: Error in connection establishment: net::ERR_CONNECTION_REFUSED @ http://localhost:3000/adp-comp-tool/@vite/client:1034
[  183447ms] [ERROR] WebSocket connection to 'ws://localhost:3000/adp-comp-tool/' failed: Error in connection establishment: net::ERR_CONNECTION_REFUSED @ http://localhost:3000/adp-comp-tool/@vite/client:1034
[  187439ms] [ERROR] WebSocket connection to 'ws://localhost:3000/adp-comp-tool/' failed: Error in connection establishment: net::ERR_CONNECTION_REFUSED @ http://localhost:3000/adp-comp-tool/@vite/client:1034
[  189543ms] [ERROR] WebSocket connection to 'ws://localhost:3000/adp-comp-tool/' failed: Error in connection establishment: net::ERR_CONNECTION_REFUSED @ http://localhost:3000/adp-comp-tool/@vite/client:1034
[  193954ms] [ERROR] WebSocket connection to 'ws://localhost:3000/adp-comp-tool/' failed: Error in connection establishment: net::ERR_CONNECTION_REFUSED @ http://localhost:3000/adp-comp-tool/@vite/client:1034
[  198175ms] [ERROR] WebSocket connection to 'ws://localhost:3000/adp-comp-tool/' failed: Error in connection establishment: net::ERR_CONNECTION_REFUSED @ http://localhost:3000/adp-comp-tool/@vite/client:1034
[  200226ms] [ERROR] WebSocket connection to 'ws://localhost:3000/adp-comp-tool/' failed: Error in connection establishment: net::ERR_CONNECTION_REFUSED @ http://localhost:3000/adp-comp-tool/@vite/client:1034
[  206063ms] [ERROR] WebSocket connection to 'ws://localhost:3000/adp-comp-tool/' failed: Error in connection establishment: net::ERR_CONNECTION_REFUSED @ http://localhost:3000/adp-comp-tool/@vite/client:1034
[  210963ms] [ERROR] WebSocket connection to 'ws://localhost:3000/adp-comp-tool/' failed: Error in connection establishment: net::ERR_CONNECTION_REFUSED @ http://localhost:3000/adp-comp-tool/@vite/client:1034
[  213326ms] [ERROR] WebSocket connection to 'ws://localhost:3000/adp-comp-tool/' failed: Error in connection establishment: net::ERR_CONNECTION_REFUSED @ http://localhost:3000/adp-comp-tool/@vite/client:1034
[  218421ms] [ERROR] WebSocket connection to 'ws://localhost:3000/adp-comp-tool/' failed: Error in connection establishment: net::ERR_CONNECTION_REFUSED @ http://localhost:3000/adp-comp-tool/@vite/client:1034
[  222811ms] [ERROR] WebSocket connection to 'ws://localhost:3000/adp-comp-tool/' failed: Error in connection establishment: net::ERR_CONNECTION_REFUSED @ http://localhost:3000/adp-comp-tool/@vite/client:1034
[  224918ms] [ERROR] WebSocket connection to 'ws://localhost:3000/adp-comp-tool/' failed: Error in connection establishment: net::ERR_CONNECTION_REFUSED @ http://localhost:3000/adp-comp-tool/@vite/client:1034
[  230008ms] [ERROR] WebSocket connection to 'ws://localhost:3000/adp-comp-tool/' failed: Error in connection establishment: net::ERR_CONNECTION_REFUSED @ http://localhost:3000/adp-comp-tool/@vite/client:1034
[  235256ms] [ERROR] WebSocket connection to 'ws://localhost:3000/adp-comp-tool/' failed: Error in connection establishment: net::ERR_CONNECTION_REFUSED @ http://localhost:3000/adp-comp-tool/@vite/client:1034
[  239451ms] [ERROR] WebSocket connection to 'ws://localhost:3000/adp-comp-tool/' failed: Error in connection establishment: net::ERR_CONNECTION_REFUSED @ http://localhost:3000/adp-comp-tool/@vite/client:1034
[  243704ms] [ERROR] WebSocket connection to 'ws://localhost:3000/adp-comp-tool/' failed: Error in connection establishment: net::ERR_CONNECTION_REFUSED @ http://localhost:3000/adp-comp-tool/@vite/client:1034
[  314366ms] [INFO] %cDownload the React DevTools for a better development experience: https://react.dev/link/react-devtools font-weight:bold @ http://localhost:3000/adp-comp-tool/node_modules/.vite/deps/react-dom_client.js?v=0039e234:20100
[  430228ms] [LOG] [vite] server connection lost. Polling for restart... @ http://localhost:3000/adp-comp-tool/@vite/client:963
[  430232ms] [ERROR] WebSocket connection to 'ws://localhost:3000/adp-comp-tool/' failed: Error in connection establishment: net::ERR_CONNECTION_REFUSED @ http://localhost:3000/adp-comp-tool/@vite/client:1034
[  431235ms] [ERROR] WebSocket connection to 'ws://localhost:3000/adp-comp-tool/' failed: Error in connection establishment: net::ERR_CONNECTION_REFUSED @ http://localhost:3000/adp-comp-tool/@vite/client:1034
[  432238ms] [ERROR] WebSocket connection to 'ws://localhost:3000/adp-comp-tool/' failed: Error in connection establishment: net::ERR_CONNECTION_REFUSED @ http://localhost:3000/adp-comp-tool/@vite/client:1034
[  433244ms] [ERROR] WebSocket connection to 'ws://localhost:3000/adp-comp-tool/' failed: Error in connection establishment: net::ERR_CONNECTION_REFUSED @ http://localhost:3000/adp-comp-tool/@vite/client:1034
[  434247ms] [ERROR] WebSocket connection to 'ws://localhost:3000/adp-comp-tool/' failed: Error in connection establishment: net::ERR_CONNECTION_REFUSED @ http://localhost:3000/adp-comp-tool/@vite/client:1034
[  435251ms] [ERROR] WebSocket connection to 'ws://localhost:3000/adp-comp-tool/' failed: Error in connection establishment: net::ERR_CONNECTION_REFUSED @ http://localhost:3000/adp-comp-tool/@vite/client:1034
[  436255ms] [ERROR] WebSocket connection to 'ws://localhost:3000/adp-comp-tool/' failed: Error in connection establishment: net::ERR_CONNECTION_REFUSED @ http://localhost:3000/adp-comp-tool/@vite/client:1034
[  437260ms] [ERROR] WebSocket connection to 'ws://localhost:3000/adp-comp-tool/' failed: Error in connection establishment: net::ERR_CONNECTION_REFUSED @ http://localhost:3000/adp-comp-tool/@vite/client:1034
[  438264ms] [ERROR] WebSocket connection to 'ws://localhost:3000/adp-comp-tool/' failed: Error in connection establishment: net::ERR_CONNECTION_REFUSED @ http://localhost:3000/adp-comp-tool/@vite/client:1034
[  439268ms] [ERROR] WebSocket connection to 'ws://localhost:3000/adp-comp-tool/' failed: Error in connection establishment: net::ERR_CONNECTION_REFUSED @ http://localhost:3000/adp-comp-tool/@vite/client:1034
[  440272ms] [ERROR] WebSocket connection to 'ws://localhost:3000/adp-comp-tool/' failed: Error in connection establishment: net::ERR_CONNECTION_REFUSED @ http://localhost:3000/adp-comp-tool/@vite/client:1034
[  441281ms] [ERROR] WebSocket connection to 'ws://localhost:3000/adp-comp-tool/' failed: Error in connection establishment: net::ERR_CONNECTION_REFUSED @ http://localhost:3000/adp-comp-tool/@vite/client:1034
[  442294ms] [ERROR] WebSocket connection to 'ws://localhost:3000/adp-comp-tool/' failed: Error in connection establishment: net::ERR_CONNECTION_REFUSED @ http://localhost:3000/adp-comp-tool/@vite/client:1034
[  443305ms] [ERROR] WebSocket connection to 'ws://localhost:3000/adp-comp-tool/' failed: Error in connection establishment: net::ERR_CONNECTION_REFUSED @ http://localhost:3000/adp-comp-tool/@vite/client:1034
[  444328ms] [ERROR] WebSocket connection to 'ws://localhost:3000/adp-comp-tool/' failed: Error in connection establishment: net::ERR_CONNECTION_REFUSED @ http://localhost:3000/adp-comp-tool/@vite/client:1034
[  445352ms] [ERROR] WebSocket connection to 'ws://localhost:3000/adp-comp-tool/' failed: Error in connection establishment: net::ERR_CONNECTION_REFUSED @ http://localhost:3000/adp-comp-tool/@vite/client:1034
[  446370ms] [ERROR] WebSocket connection to 'ws://localhost:3000/adp-comp-tool/' failed: Error in connection establishment: net::ERR_CONNECTION_REFUSED @ http://localhost:3000/adp-comp-tool/@vite/client:1034
[  447406ms] [ERROR] WebSocket connection to 'ws://localhost:3000/adp-comp-tool/' failed: Error in connection establishment: net::ERR_CONNECTION_REFUSED @ http://localhost:3000/adp-comp-tool/@vite/client:1034
[  448486ms] [ERROR] WebSocket connection to 'ws://localhost:3000/adp-comp-tool/' failed: Error in connection establishment: net::ERR_CONNECTION_REFUSED @ http://localhost:3000/adp-comp-tool/@vite/client:1034
[  449524ms] [ERROR] WebSocket connection to 'ws://localhost:3000/adp-comp-tool/' failed: Error in connection establishment: net::ERR_CONNECTION_REFUSED @ http://localhost:3000/adp-comp-tool/@vite/client:1034
[  450561ms] [ERROR] WebSocket connection to 'ws://localhost:3000/adp-comp-tool/' failed: Error in connection establishment: net::ERR_CONNECTION_REFUSED @ http://localhost:3000/adp-comp-tool/@vite/client:1034
[  451700ms] [ERROR] WebSocket connection to 'ws://localhost:3000/adp-comp-tool/' failed: Error in connection establishment: net::ERR_CONNECTION_REFUSED @ http://localhost:3000/adp-comp-tool/@vite/client:1034
[  452846ms] [ERROR] WebSocket connection to 'ws://localhost:3000/adp-comp-tool/' failed: Error in connection establishment: net::ERR_CONNECTION_REFUSED @ http://localhost:3000/adp-comp-tool/@vite/client:1034
[  454099ms] [ERROR] WebSocket connection to 'ws://localhost:3000/adp-comp-tool/' failed: Error in connection establishment: net::ERR_CONNECTION_REFUSED @ http://localhost:3000/adp-comp-tool/@vite/client:1034
[  455565ms] [ERROR] WebSocket connection to 'ws://localhost:3000/adp-comp-tool/' failed: Error in connection establishment: net::ERR_CONNECTION_REFUSED @ http://localhost:3000/adp-comp-tool/@vite/client:1034
[  457005ms] [ERROR] WebSocket connection to 'ws://localhost:3000/adp-comp-tool/' failed: Error in connection establishment: net::ERR_CONNECTION_REFUSED @ http://localhost:3000/adp-comp-tool/@vite/client:1034
[  458584ms] [ERROR] WebSocket connection to 'ws://localhost:3000/adp-comp-tool/' failed: Error in connection establishment: net::ERR_CONNECTION_REFUSED @ http://localhost:3000/adp-comp-tool/@vite/client:1034
[  459882ms] [ERROR] WebSocket connection to 'ws://localhost:3000/adp-comp-tool/' failed: Error in connection establishment: net::ERR_CONNECTION_REFUSED @ http://localhost:3000/adp-comp-tool/@vite/client:1034
[  463252ms] [ERROR] WebSocket connection to 'ws://localhost:3000/adp-comp-tool/' failed: Error in connection establishment: net::ERR_CONNECTION_REFUSED @ http://localhost:3000/adp-comp-tool/@vite/client:1034
[  466735ms] [ERROR] WebSocket connection to 'ws://localhost:3000/adp-comp-tool/' failed: Error in connection establishment: net::ERR_CONNECTION_REFUSED @ http://localhost:3000/adp-comp-tool/@vite/client:1034
[  467460ms] [INFO] %cDownload the React DevTools for a better development experience: https://react.dev/link/react-devtools font-weight:bold @ http://localhost:3000/adp-comp-tool/node_modules/.vite/deps/react-dom_client.js?v=0039e234:20100
