[      83ms] [INFO] %cDownload the React DevTools for a better development experience: https://react.dev/link/react-devtools font-weight:bold @ http://localhost:3000/adp-comp-tool/node_modules/.vite/deps/react-dom_client.js?v=20961a76:20100
[   50416ms] [INFO] %cDownload the React DevTools for a better development experience: https://react.dev/link/react-devtools font-weight:bold @ http://localhost:3000/adp-comp-tool/node_modules/.vite/deps/react-dom_client.js?v=20961a76:20100
[   81941ms] [LOG] [vite] server connection lost. Polling for restart... @ http://localhost:3000/adp-comp-tool/@vite/client:963
[   81945ms] [ERROR] WebSocket connection to 'ws://localhost:3000/adp-comp-tool/' failed: Error in connection establishment: net::ERR_CONNECTION_REFUSED @ http://localhost:3000/adp-comp-tool/@vite/client:1034
[   82949ms] [ERROR] WebSocket connection to 'ws://localhost:3000/adp-comp-tool/' failed: Error in connection establishment: net::ERR_CONNECTION_REFUSED @ http://localhost:3000/adp-comp-tool/@vite/client:1034
[   83951ms] [ERROR] WebSocket connection to 'ws://localhost:3000/adp-comp-tool/' failed: Error in connection establishment: net::ERR_CONNECTION_REFUSED @ http://localhost:3000/adp-comp-tool/@vite/client:1034
[   84955ms] [ERROR] WebSocket connection to 'ws://localhost:3000/adp-comp-tool/' failed: Error in connection establishment: net::ERR_CONNECTION_REFUSED @ http://localhost:3000/adp-comp-tool/@vite/client:1034
[   85958ms] [ERROR] WebSocket connection to 'ws://localhost:3000/adp-comp-tool/' failed: Error in connection establishment: net::ERR_CONNECTION_REFUSED @ http://localhost:3000/adp-comp-tool/@vite/client:1034
[   86961ms] [ERROR] WebSocket connection to 'ws://localhost:3000/adp-comp-tool/' failed: Error in connection establishment: net::ERR_CONNECTION_REFUSED @ http://localhost:3000/adp-comp-tool/@vite/client:1034
[   87965ms] [ERROR] WebSocket connection to 'ws://localhost:3000/adp-comp-tool/' failed: Error in connection establishment: net::ERR_CONNECTION_REFUSED @ http://localhost:3000/adp-comp-tool/@vite/client:1034
[   88969ms] [ERROR] WebSocket connection to 'ws://localhost:3000/adp-comp-tool/' failed: Error in connection establishment: net::ERR_CONNECTION_REFUSED @ http://localhost:3000/adp-comp-tool/@vite/client:1034
[   89972ms] [ERROR] WebSocket connection to 'ws://localhost:3000/adp-comp-tool/' failed: Error in connection establishment: net::ERR_CONNECTION_REFUSED @ http://localhost:3000/adp-comp-tool/@vite/client:1034
[   90976ms] [ERROR] WebSocket connection to 'ws://localhost:3000/adp-comp-tool/' failed: Error in connection establishment: net::ERR_CONNECTION_REFUSED @ http://localhost:3000/adp-comp-tool/@vite/client:1034
[   91981ms] [ERROR] WebSocket connection to 'ws://localhost:3000/adp-comp-tool/' failed: Error in connection establishment: net::ERR_CONNECTION_REFUSED @ http://localhost:3000/adp-comp-tool/@vite/client:1034
[   92984ms] [ERROR] WebSocket connection to 'ws://localhost:3000/adp-comp-tool/' failed: Error in connection establishment: net::ERR_CONNECTION_REFUSED @ http://localhost:3000/adp-comp-tool/@vite/client:1034
[   93991ms] [ERROR] WebSocket connection to 'ws://localhost:3000/adp-comp-tool/' failed: Error in connection establishment: net::ERR_CONNECTION_REFUSED @ http://localhost:3000/adp-comp-tool/@vite/client:1034
[   94996ms] [ERROR] WebSocket connection to 'ws://localhost:3000/adp-comp-tool/' failed: Error in connection establishment: net::ERR_CONNECTION_REFUSED @ http://localhost:3000/adp-comp-tool/@vite/client:1034
[   96001ms] [ERROR] WebSocket connection to 'ws://localhost:3000/adp-comp-tool/' failed: Error in connection establishment: net::ERR_CONNECTION_REFUSED @ http://localhost:3000/adp-comp-tool/@vite/client:1034
[   97009ms] [ERROR] WebSocket connection to 'ws://localhost:3000/adp-comp-tool/' failed: Error in connection establishment: net::ERR_CONNECTION_REFUSED @ http://localhost:3000/adp-comp-tool/@vite/client:1034
[   98017ms] [ERROR] WebSocket connection to 'ws://localhost:3000/adp-comp-tool/' failed: Error in connection establishment: net::ERR_CONNECTION_REFUSED @ http://localhost:3000/adp-comp-tool/@vite/client:1034
[   99022ms] [ERROR] WebSocket connection to 'ws://localhost:3000/adp-comp-tool/' failed: Error in connection establishment: net::ERR_CONNECTION_REFUSED @ http://localhost:3000/adp-comp-tool/@vite/client:1034
[  100037ms] [ERROR] WebSocket connection to 'ws://localhost:3000/adp-comp-tool/' failed: Error in connection establishment: net::ERR_CONNECTION_REFUSED @ http://localhost:3000/adp-comp-tool/@vite/client:1034
[  101050ms] [ERROR] WebSocket connection to 'ws://localhost:3000/adp-comp-tool/' failed: Error in connection establishment: net::ERR_CONNECTION_REFUSED @ http://localhost:3000/adp-comp-tool/@vite/client:1034
[  102064ms] [ERROR] WebSocket connection to 'ws://localhost:3000/adp-comp-tool/' failed: Error in connection establishment: net::ERR_CONNECTION_REFUSED @ http://localhost:3000/adp-comp-tool/@vite/client:1034
[  103074ms] [ERROR] WebSocket connection to 'ws://localhost:3000/adp-comp-tool/' failed: Error in connection establishment: net::ERR_CONNECTION_REFUSED @ http://localhost:3000/adp-comp-tool/@vite/client:1034
[  104091ms] [ERROR] WebSocket connection to 'ws://localhost:3000/adp-comp-tool/' failed: Error in connection establishment: net::ERR_CONNECTION_REFUSED @ http://localhost:3000/adp-comp-tool/@vite/client:1034
[  105107ms] [ERROR] WebSocket connection to 'ws://localhost:3000/adp-comp-tool/' failed: Error in connection establishment: net::ERR_CONNECTION_REFUSED @ http://localhost:3000/adp-comp-tool/@vite/client:1034
[  106131ms] [ERROR] WebSocket connection to 'ws://localhost:3000/adp-comp-tool/' failed: Error in connection establishment: net::ERR_CONNECTION_REFUSED @ http://localhost:3000/adp-comp-tool/@vite/client:1034
[  107157ms] [ERROR] WebSocket connection to 'ws://localhost:3000/adp-comp-tool/' failed: Error in connection establishment: net::ERR_CONNECTION_REFUSED @ http://localhost:3000/adp-comp-tool/@vite/client:1034
[  108174ms] [ERROR] WebSocket connection to 'ws://localhost:3000/adp-comp-tool/' failed: Error in connection establishment: net::ERR_CONNECTION_REFUSED @ http://localhost:3000/adp-comp-tool/@vite/client:1034
[  109253ms] [ERROR] WebSocket connection to 'ws://localhost:3000/adp-comp-tool/' failed: Error in connection establishment: net::ERR_CONNECTION_REFUSED @ http://localhost:3000/adp-comp-tool/@vite/client:1034
[  110291ms] [ERROR] WebSocket connection to 'ws://localhost:3000/adp-comp-tool/' failed: Error in connection establishment: net::ERR_CONNECTION_REFUSED @ http://localhost:3000/adp-comp-tool/@vite/client:1034
[  111333ms] [ERROR] WebSocket connection to 'ws://localhost:3000/adp-comp-tool/' failed: Error in connection establishment: net::ERR_CONNECTION_REFUSED @ http://localhost:3000/adp-comp-tool/@vite/client:1034
[  112417ms] [ERROR] WebSocket connection to 'ws://localhost:3000/adp-comp-tool/' failed: Error in connection establishment: net::ERR_CONNECTION_REFUSED @ http://localhost:3000/adp-comp-tool/@vite/client:1034
[  113508ms] [ERROR] WebSocket connection to 'ws://localhost:3000/adp-comp-tool/' failed: Error in connection establishment: net::ERR_CONNECTION_REFUSED @ http://localhost:3000/adp-comp-tool/@vite/client:1034
[  114658ms] [ERROR] WebSocket connection to 'ws://localhost:3000/adp-comp-tool/' failed: Error in connection establishment: net::ERR_CONNECTION_REFUSED @ http://localhost:3000/adp-comp-tool/@vite/client:1034
[  115770ms] [ERROR] WebSocket connection to 'ws://localhost:3000/adp-comp-tool/' failed: Error in connection establishment: net::ERR_CONNECTION_REFUSED @ http://localhost:3000/adp-comp-tool/@vite/client:1034
[  116960ms] [ERROR] WebSocket connection to 'ws://localhost:3000/adp-comp-tool/' failed: Error in connection establishment: net::ERR_CONNECTION_REFUSED @ http://localhost:3000/adp-comp-tool/@vite/client:1034
[  118174ms] [ERROR] WebSocket connection to 'ws://localhost:3000/adp-comp-tool/' failed: Error in connection establishment: net::ERR_CONNECTION_REFUSED @ http://localhost:3000/adp-comp-tool/@vite/client:1034
[  119623ms] [ERROR] WebSocket connection to 'ws://localhost:3000/adp-comp-tool/' failed: Error in connection establishment: net::ERR_CONNECTION_REFUSED @ http://localhost:3000/adp-comp-tool/@vite/client:1034
[  121118ms] [ERROR] WebSocket connection to 'ws://localhost:3000/adp-comp-tool/' failed: Error in connection establishment: net::ERR_CONNECTION_REFUSED @ http://localhost:3000/adp-comp-tool/@vite/client:1034
[  122565ms] [ERROR] WebSocket connection to 'ws://localhost:3000/adp-comp-tool/' failed: Error in connection establishment: net::ERR_CONNECTION_REFUSED @ http://localhost:3000/adp-comp-tool/@vite/client:1034
[  123840ms] [ERROR] WebSocket connection to 'ws://localhost:3000/adp-comp-tool/' failed: Error in connection establishment: net::ERR_CONNECTION_REFUSED @ http://localhost:3000/adp-comp-tool/@vite/client:1034
[  125365ms] [ERROR] WebSocket connection to 'ws://localhost:3000/adp-comp-tool/' failed: Error in connection establishment: net::ERR_CONNECTION_REFUSED @ http://localhost:3000/adp-comp-tool/@vite/client:1034
[  127429ms] [ERROR] WebSocket connection to 'ws://localhost:3000/adp-comp-tool/' failed: Error in connection establishment: net::ERR_CONNECTION_REFUSED @ http://localhost:3000/adp-comp-tool/@vite/client:1034
[  130295ms] [ERROR] WebSocket connection to 'ws://localhost:3000/adp-comp-tool/' failed: Error in connection establishment: net::ERR_CONNECTION_REFUSED @ http://localhost:3000/adp-comp-tool/@vite/client:1034
[  132577ms] [ERROR] WebSocket connection to 'ws://localhost:3000/adp-comp-tool/' failed: Error in connection establishment: net::ERR_CONNECTION_REFUSED @ http://localhost:3000/adp-comp-tool/@vite/client:1034
[  134424ms] [ERROR] WebSocket connection to 'ws://localhost:3000/adp-comp-tool/' failed: Error in connection establishment: net::ERR_CONNECTION_REFUSED @ http://localhost:3000/adp-comp-tool/@vite/client:1034
[  136753ms] [ERROR] WebSocket connection to 'ws://localhost:3000/adp-comp-tool/' failed: Error in connection establishment: net::ERR_CONNECTION_REFUSED @ http://localhost:3000/adp-comp-tool/@vite/client:1034
[  141887ms] [ERROR] WebSocket connection to 'ws://localhost:3000/adp-comp-tool/' failed: Error in connection establishment: net::ERR_CONNECTION_REFUSED @ http://localhost:3000/adp-comp-tool/@vite/client:1034
[  145253ms] [ERROR] WebSocket connection to 'ws://localhost:3000/adp-comp-tool/' failed: Error in connection establishment: net::ERR_CONNECTION_REFUSED @ http://localhost:3000/adp-comp-tool/@vite/client:1034
[  150692ms] [ERROR] WebSocket connection to 'ws://localhost:3000/adp-comp-tool/' failed: Error in connection establishment: net::ERR_CONNECTION_REFUSED @ http://localhost:3000/adp-comp-tool/@vite/client:1034
[  153632ms] [ERROR] WebSocket connection to 'ws://localhost:3000/adp-comp-tool/' failed: Error in connection establishment: net::ERR_CONNECTION_REFUSED @ http://localhost:3000/adp-comp-tool/@vite/client:1034
[  159410ms] [ERROR] WebSocket connection to 'ws://localhost:3000/adp-comp-tool/' failed: Error in connection establishment: net::ERR_CONNECTION_REFUSED @ http://localhost:3000/adp-comp-tool/@vite/client:1034
[  163733ms] [ERROR] WebSocket connection to 'ws://localhost:3000/adp-comp-tool/' failed: Error in connection establishment: net::ERR_CONNECTION_REFUSED @ http://localhost:3000/adp-comp-tool/@vite/client:1034
[  166591ms] [ERROR] WebSocket connection to 'ws://localhost:3000/adp-comp-tool/' failed: Error in connection establishment: net::ERR_CONNECTION_REFUSED @ http://localhost:3000/adp-comp-tool/@vite/client:1034
[  172144ms] [ERROR] WebSocket connection to 'ws://localhost:3000/adp-comp-tool/' failed: Error in connection establishment: net::ERR_CONNECTION_REFUSED @ http://localhost:3000/adp-comp-tool/@vite/client:1034
[  177950ms] [ERROR] WebSocket connection to 'ws://localhost:3000/adp-comp-tool/' failed: Error in connection establishment: net::ERR_CONNECTION_REFUSED @ http://localhost:3000/adp-comp-tool/@vite/client:1034
[  183607ms] [ERROR] WebSocket connection to 'ws://localhost:3000/adp-comp-tool/' failed: Error in connection establishment: net::ERR_CONNECTION_REFUSED @ http://localhost:3000/adp-comp-tool/@vite/client:1034
[  185892ms] [ERROR] WebSocket connection to 'ws://localhost:3000/adp-comp-tool/' failed: Error in connection establishment: net::ERR_CONNECTION_REFUSED @ http://localhost:3000/adp-comp-tool/@vite/client:1034
[  188259ms] [ERROR] WebSocket connection to 'ws://localhost:3000/adp-comp-tool/' failed: Error in connection establishment: net::ERR_CONNECTION_REFUSED @ http://localhost:3000/adp-comp-tool/@vite/client:1034
[  193266ms] [ERROR] WebSocket connection to 'ws://localhost:3000/adp-comp-tool/' failed: Error in connection establishment: net::ERR_CONNECTION_REFUSED @ http://localhost:3000/adp-comp-tool/@vite/client:1034
[  197275ms] [ERROR] WebSocket connection to 'ws://localhost:3000/adp-comp-tool/' failed: Error in connection establishment: net::ERR_CONNECTION_REFUSED @ http://localhost:3000/adp-comp-tool/@vite/client:1034
[  200987ms] [ERROR] WebSocket connection to 'ws://localhost:3000/adp-comp-tool/' failed: Error in connection establishment: net::ERR_CONNECTION_REFUSED @ http://localhost:3000/adp-comp-tool/@vite/client:1034
[  205600ms] [ERROR] WebSocket connection to 'ws://localhost:3000/adp-comp-tool/' failed: Error in connection establishment: net::ERR_CONNECTION_REFUSED @ http://localhost:3000/adp-comp-tool/@vite/client:1034
[  208127ms] [ERROR] WebSocket connection to 'ws://localhost:3000/adp-comp-tool/' failed: Error in connection establishment: net::ERR_CONNECTION_REFUSED @ http://localhost:3000/adp-comp-tool/@vite/client:1034
[  211142ms] [ERROR] WebSocket connection to 'ws://localhost:3000/adp-comp-tool/' failed: Error in connection establishment: net::ERR_CONNECTION_REFUSED @ http://localhost:3000/adp-comp-tool/@vite/client:1034
[  214392ms] [ERROR] WebSocket connection to 'ws://localhost:3000/adp-comp-tool/' failed: Error in connection establishment: net::ERR_CONNECTION_REFUSED @ http://localhost:3000/adp-comp-tool/@vite/client:1034
[  220174ms] [ERROR] WebSocket connection to 'ws://localhost:3000/adp-comp-tool/' failed: Error in connection establishment: net::ERR_CONNECTION_REFUSED @ http://localhost:3000/adp-comp-tool/@vite/client:1034
[  225966ms] [ERROR] WebSocket connection to 'ws://localhost:3000/adp-comp-tool/' failed: Error in connection establishment: net::ERR_CONNECTION_REFUSED @ http://localhost:3000/adp-comp-tool/@vite/client:1034
[  228493ms] [ERROR] WebSocket connection to 'ws://localhost:3000/adp-comp-tool/' failed: Error in connection establishment: net::ERR_CONNECTION_REFUSED @ http://localhost:3000/adp-comp-tool/@vite/client:1034
[  233652ms] [ERROR] WebSocket connection to 'ws://localhost:3000/adp-comp-tool/' failed: Error in connection establishment: net::ERR_CONNECTION_REFUSED @ http://localhost:3000/adp-comp-tool/@vite/client:1034
[  238142ms] [ERROR] WebSocket connection to 'ws://localhost:3000/adp-comp-tool/' failed: Error in connection establishment: net::ERR_CONNECTION_REFUSED @ http://localhost:3000/adp-comp-tool/@vite/client:1034
[  240283ms] [ERROR] WebSocket connection to 'ws://localhost:3000/adp-comp-tool/' failed: Error in connection establishment: net::ERR_CONNECTION_REFUSED @ http://localhost:3000/adp-comp-tool/@vite/client:1034
[  244508ms] [ERROR] WebSocket connection to 'ws://localhost:3000/adp-comp-tool/' failed: Error in connection establishment: net::ERR_CONNECTION_REFUSED @ http://localhost:3000/adp-comp-tool/@vite/client:1034
[  250233ms] [ERROR] WebSocket connection to 'ws://localhost:3000/adp-comp-tool/' failed: Error in connection establishment: net::ERR_CONNECTION_REFUSED @ http://localhost:3000/adp-comp-tool/@vite/client:1034
[  253581ms] [ERROR] WebSocket connection to 'ws://localhost:3000/adp-comp-tool/' failed: Error in connection establishment: net::ERR_CONNECTION_REFUSED @ http://localhost:3000/adp-comp-tool/@vite/client:1034
[  259423ms] [ERROR] WebSocket connection to 'ws://localhost:3000/adp-comp-tool/' failed: Error in connection establishment: net::ERR_CONNECTION_REFUSED @ http://localhost:3000/adp-comp-tool/@vite/client:1034
[  262792ms] [ERROR] WebSocket connection to 'ws://localhost:3000/adp-comp-tool/' failed: Error in connection establishment: net::ERR_CONNECTION_REFUSED @ http://localhost:3000/adp-comp-tool/@vite/client:1034
[  273829ms] [INFO] %cDownload the React DevTools for a better development experience: https://react.dev/link/react-devtools font-weight:bold @ http://localhost:3000/adp-comp-tool/node_modules/.vite/deps/react-dom_client.js?v=20961a76:20100
[  277261ms] [LOG] [vite] server connection lost. Polling for restart... @ http://localhost:3000/adp-comp-tool/@vite/client:963
[  277263ms] [ERROR] WebSocket connection to 'ws://localhost:3000/adp-comp-tool/' failed: Error in connection establishment: net::ERR_CONNECTION_REFUSED @ http://localhost:3000/adp-comp-tool/@vite/client:1034
[  278275ms] [ERROR] WebSocket connection to 'ws://localhost:3000/adp-comp-tool/' failed: Error in connection establishment: net::ERR_CONNECTION_REFUSED @ http://localhost:3000/adp-comp-tool/@vite/client:1034
[  279279ms] [ERROR] WebSocket connection to 'ws://localhost:3000/adp-comp-tool/' failed: Error in connection establishment: net::ERR_CONNECTION_REFUSED @ http://localhost:3000/adp-comp-tool/@vite/client:1034
[  280283ms] [ERROR] WebSocket connection to 'ws://localhost:3000/adp-comp-tool/' failed: Error in connection establishment: net::ERR_CONNECTION_REFUSED @ http://localhost:3000/adp-comp-tool/@vite/client:1034
[  281287ms] [ERROR] WebSocket connection to 'ws://localhost:3000/adp-comp-tool/' failed: Error in connection establishment: net::ERR_CONNECTION_REFUSED @ http://localhost:3000/adp-comp-tool/@vite/client:1034
[  282290ms] [ERROR] WebSocket connection to 'ws://localhost:3000/adp-comp-tool/' failed: Error in connection establishment: net::ERR_CONNECTION_REFUSED @ http://localhost:3000/adp-comp-tool/@vite/client:1034
[  283293ms] [ERROR] WebSocket connection to 'ws://localhost:3000/adp-comp-tool/' failed: Error in connection establishment: net::ERR_CONNECTION_REFUSED @ http://localhost:3000/adp-comp-tool/@vite/client:1034
[  284298ms] [ERROR] WebSocket connection to 'ws://localhost:3000/adp-comp-tool/' failed: Error in connection establishment: net::ERR_CONNECTION_REFUSED @ http://localhost:3000/adp-comp-tool/@vite/client:1034
[  285301ms] [ERROR] WebSocket connection to 'ws://localhost:3000/adp-comp-tool/' failed: Error in connection establishment: net::ERR_CONNECTION_REFUSED @ http://localhost:3000/adp-comp-tool/@vite/client:1034
[  286304ms] [ERROR] WebSocket connection to 'ws://localhost:3000/adp-comp-tool/' failed: Error in connection establishment: net::ERR_CONNECTION_REFUSED @ http://localhost:3000/adp-comp-tool/@vite/client:1034
[  287309ms] [ERROR] WebSocket connection to 'ws://localhost:3000/adp-comp-tool/' failed: Error in connection establishment: net::ERR_CONNECTION_REFUSED @ http://localhost:3000/adp-comp-tool/@vite/client:1034
[  288316ms] [ERROR] WebSocket connection to 'ws://localhost:3000/adp-comp-tool/' failed: Error in connection establishment: net::ERR_CONNECTION_REFUSED @ http://localhost:3000/adp-comp-tool/@vite/client:1034
[  289323ms] [ERROR] WebSocket connection to 'ws://localhost:3000/adp-comp-tool/' failed: Error in connection establishment: net::ERR_CONNECTION_REFUSED @ http://localhost:3000/adp-comp-tool/@vite/client:1034
[  290334ms] [ERROR] WebSocket connection to 'ws://localhost:3000/adp-comp-tool/' failed: Error in connection establishment: net::ERR_CONNECTION_REFUSED @ http://localhost:3000/adp-comp-tool/@vite/client:1034
[  291345ms] [ERROR] WebSocket connection to 'ws://localhost:3000/adp-comp-tool/' failed: Error in connection establishment: net::ERR_CONNECTION_REFUSED @ http://localhost:3000/adp-comp-tool/@vite/client:1034
[  292371ms] [ERROR] WebSocket connection to 'ws://localhost:3000/adp-comp-tool/' failed: Error in connection establishment: net::ERR_CONNECTION_REFUSED @ http://localhost:3000/adp-comp-tool/@vite/client:1034
[  293383ms] [ERROR] WebSocket connection to 'ws://localhost:3000/adp-comp-tool/' failed: Error in connection establishment: net::ERR_CONNECTION_REFUSED @ http://localhost:3000/adp-comp-tool/@vite/client:1034
[  294400ms] [ERROR] WebSocket connection to 'ws://localhost:3000/adp-comp-tool/' failed: Error in connection establishment: net::ERR_CONNECTION_REFUSED @ http://localhost:3000/adp-comp-tool/@vite/client:1034
[  295421ms] [ERROR] WebSocket connection to 'ws://localhost:3000/adp-comp-tool/' failed: Error in connection establishment: net::ERR_CONNECTION_REFUSED @ http://localhost:3000/adp-comp-tool/@vite/client:1034
[  296500ms] [ERROR] WebSocket connection to 'ws://localhost:3000/adp-comp-tool/' failed: Error in connection establishment: net::ERR_CONNECTION_REFUSED @ http://localhost:3000/adp-comp-tool/@vite/client:1034
[  297651ms] [ERROR] WebSocket connection to 'ws://localhost:3000/adp-comp-tool/' failed: Error in connection establishment: net::ERR_CONNECTION_REFUSED @ http://localhost:3000/adp-comp-tool/@vite/client:1034
[  298718ms] [ERROR] WebSocket connection to 'ws://localhost:3000/adp-comp-tool/' failed: Error in connection establishment: net::ERR_CONNECTION_REFUSED @ http://localhost:3000/adp-comp-tool/@vite/client:1034
[  299850ms] [ERROR] WebSocket connection to 'ws://localhost:3000/adp-comp-tool/' failed: Error in connection establishment: net::ERR_CONNECTION_REFUSED @ http://localhost:3000/adp-comp-tool/@vite/client:1034
[  301091ms] [ERROR] WebSocket connection to 'ws://localhost:3000/adp-comp-tool/' failed: Error in connection establishment: net::ERR_CONNECTION_REFUSED @ http://localhost:3000/adp-comp-tool/@vite/client:1034
[  302682ms] [ERROR] WebSocket connection to 'ws://localhost:3000/adp-comp-tool/' failed: Error in connection establishment: net::ERR_CONNECTION_REFUSED @ http://localhost:3000/adp-comp-tool/@vite/client:1034
[  304267ms] [ERROR] WebSocket connection to 'ws://localhost:3000/adp-comp-tool/' failed: Error in connection establishment: net::ERR_CONNECTION_REFUSED @ http://localhost:3000/adp-comp-tool/@vite/client:1034
[  305667ms] [ERROR] WebSocket connection to 'ws://localhost:3000/adp-comp-tool/' failed: Error in connection establishment: net::ERR_CONNECTION_REFUSED @ http://localhost:3000/adp-comp-tool/@vite/client:1034
[  307367ms] [ERROR] WebSocket connection to 'ws://localhost:3000/adp-comp-tool/' failed: Error in connection establishment: net::ERR_CONNECTION_REFUSED @ http://localhost:3000/adp-comp-tool/@vite/client:1034
[  310783ms] [ERROR] WebSocket connection to 'ws://localhost:3000/adp-comp-tool/' failed: Error in connection establishment: net::ERR_CONNECTION_REFUSED @ http://localhost:3000/adp-comp-tool/@vite/client:1034
[  314228ms] [ERROR] WebSocket connection to 'ws://localhost:3000/adp-comp-tool/' failed: Error in connection establishment: net::ERR_CONNECTION_REFUSED @ http://localhost:3000/adp-comp-tool/@vite/client:1034
[  319259ms] [ERROR] WebSocket connection to 'ws://localhost:3000/adp-comp-tool/' failed: Error in connection establishment: net::ERR_CONNECTION_REFUSED @ http://localhost:3000/adp-comp-tool/@vite/client:1034
[  342648ms] [INFO] %cDownload the React DevTools for a better development experience: https://react.dev/link/react-devtools font-weight:bold @ http://localhost:3000/adp-comp-tool/node_modules/.vite/deps/react-dom_client.js?v=20961a76:20100
