[      32ms] [INFO] %cDownload the React DevTools for a better development experience: https://react.dev/link/react-devtools font-weight:bold @ http://localhost:5174/adp-comp-tool/node_modules/.vite/deps/react-dom_client.js?v=eb0d4024:20100
[    9466ms] [LOG] [vite] server connection lost. Polling for restart... @ http://localhost:5174/adp-comp-tool/@vite/client:963
[    9470ms] [ERROR] WebSocket connection to 'ws://localhost:5174/adp-comp-tool/' failed: Error in connection establishment: net::ERR_CONNECTION_REFUSED @ http://localhost:5174/adp-comp-tool/@vite/client:1034
[   10474ms] [ERROR] WebSocket connection to 'ws://localhost:5174/adp-comp-tool/' failed: Error in connection establishment: net::ERR_CONNECTION_REFUSED @ http://localhost:5174/adp-comp-tool/@vite/client:1034
[   11479ms] [ERROR] WebSocket connection to 'ws://localhost:5174/adp-comp-tool/' failed: Error in connection establishment: net::ERR_CONNECTION_REFUSED @ http://localhost:5174/adp-comp-tool/@vite/client:1034
[   12484ms] [ERROR] WebSocket connection to 'ws://localhost:5174/adp-comp-tool/' failed: Error in connection establishment: net::ERR_CONNECTION_REFUSED @ http://localhost:5174/adp-comp-tool/@vite/client:1034
[   13488ms] [ERROR] WebSocket connection to 'ws://localhost:5174/adp-comp-tool/' failed: Error in connection establishment: net::ERR_CONNECTION_REFUSED @ http://localhost:5174/adp-comp-tool/@vite/client:1034
[   14492ms] [ERROR] WebSocket connection to 'ws://localhost:5174/adp-comp-tool/' failed: Error in connection establishment: net::ERR_CONNECTION_REFUSED @ http://localhost:5174/adp-comp-tool/@vite/client:1034
[   15496ms] [ERROR] WebSocket connection to 'ws://localhost:5174/adp-comp-tool/' failed: Error in connection establishment: net::ERR_CONNECTION_REFUSED @ http://localhost:5174/adp-comp-tool/@vite/client:1034
[   16501ms] [ERROR] WebSocket connection to 'ws://localhost:5174/adp-comp-tool/' failed: Error in connection establishment: net::ERR_CONNECTION_REFUSED @ http://localhost:5174/adp-comp-tool/@vite/client:1034
[   17509ms] [ERROR] WebSocket connection to 'ws://localhost:5174/adp-comp-tool/' failed: Error in connection establishment: net::ERR_CONNECTION_REFUSED @ http://localhost:5174/adp-comp-tool/@vite/client:1034
[   18515ms] [ERROR] WebSocket connection to 'ws://localhost:5174/adp-comp-tool/' failed: Error in connection establishment: net::ERR_CONNECTION_REFUSED @ http://localhost:5174/adp-comp-tool/@vite/client:1034
[   19521ms] [ERROR] WebSocket connection to 'ws://localhost:5174/adp-comp-tool/' failed: Error in connection establishment: net::ERR_CONNECTION_REFUSED @ http://localhost:5174/adp-comp-tool/@vite/client:1034
[   20532ms] [ERROR] WebSocket connection to 'ws://localhost:5174/adp-comp-tool/' failed: Error in connection establishment: net::ERR_CONNECTION_REFUSED @ http://localhost:5174/adp-comp-tool/@vite/client:1034
[   21544ms] [ERROR] WebSocket connection to 'ws://localhost:5174/adp-comp-tool/' failed: Error in connection establishment: net::ERR_CONNECTION_REFUSED @ http://localhost:5174/adp-comp-tool/@vite/client:1034
[   22562ms] [ERROR] WebSocket connection to 'ws://localhost:5174/adp-comp-tool/' failed: Error in connection establishment: net::ERR_CONNECTION_REFUSED @ http://localhost:5174/adp-comp-tool/@vite/client:1034
[   23573ms] [ERROR] WebSocket connection to 'ws://localhost:5174/adp-comp-tool/' failed: Error in connection establishment: net::ERR_CONNECTION_REFUSED @ http://localhost:5174/adp-comp-tool/@vite/client:1034
[   24585ms] [ERROR] WebSocket connection to 'ws://localhost:5174/adp-comp-tool/' failed: Error in connection establishment: net::ERR_CONNECTION_REFUSED @ http://localhost:5174/adp-comp-tool/@vite/client:1034
[   25601ms] [ERROR] WebSocket connection to 'ws://localhost:5174/adp-comp-tool/' failed: Error in connection establishment: net::ERR_CONNECTION_REFUSED @ http://localhost:5174/adp-comp-tool/@vite/client:1034
[   26635ms] [ERROR] WebSocket connection to 'ws://localhost:5174/adp-comp-tool/' failed: Error in connection establishment: net::ERR_CONNECTION_REFUSED @ http://localhost:5174/adp-comp-tool/@vite/client:1034
[   27709ms] [ERROR] WebSocket connection to 'ws://localhost:5174/adp-comp-tool/' failed: Error in connection establishment: net::ERR_CONNECTION_REFUSED @ http://localhost:5174/adp-comp-tool/@vite/client:1034
[   28759ms] [ERROR] WebSocket connection to 'ws://localhost:5174/adp-comp-tool/' failed: Error in connection establishment: net::ERR_CONNECTION_REFUSED @ http://localhost:5174/adp-comp-tool/@vite/client:1034
[   29918ms] [ERROR] WebSocket connection to 'ws://localhost:5174/adp-comp-tool/' failed: Error in connection establishment: net::ERR_CONNECTION_REFUSED @ http://localhost:5174/adp-comp-tool/@vite/client:1034
[   30959ms] [ERROR] WebSocket connection to 'ws://localhost:5174/adp-comp-tool/' failed: Error in connection establishment: net::ERR_CONNECTION_REFUSED @ http://localhost:5174/adp-comp-tool/@vite/client:1034
[   32233ms] [ERROR] WebSocket connection to 'ws://localhost:5174/adp-comp-tool/' failed: Error in connection establishment: net::ERR_CONNECTION_REFUSED @ http://localhost:5174/adp-comp-tool/@vite/client:1034
[   33503ms] [ERROR] WebSocket connection to 'ws://localhost:5174/adp-comp-tool/' failed: Error in connection establishment: net::ERR_CONNECTION_REFUSED @ http://localhost:5174/adp-comp-tool/@vite/client:1034
[   34684ms] [ERROR] WebSocket connection to 'ws://localhost:5174/adp-comp-tool/' failed: Error in connection establishment: net::ERR_CONNECTION_REFUSED @ http://localhost:5174/adp-comp-tool/@vite/client:1034
[   36317ms] [ERROR] WebSocket connection to 'ws://localhost:5174/adp-comp-tool/' failed: Error in connection establishment: net::ERR_CONNECTION_REFUSED @ http://localhost:5174/adp-comp-tool/@vite/client:1034
[   37699ms] [ERROR] WebSocket connection to 'ws://localhost:5174/adp-comp-tool/' failed: Error in connection establishment: net::ERR_CONNECTION_REFUSED @ http://localhost:5174/adp-comp-tool/@vite/client:1034
[   39719ms] [ERROR] WebSocket connection to 'ws://localhost:5174/adp-comp-tool/' failed: Error in connection establishment: net::ERR_CONNECTION_REFUSED @ http://localhost:5174/adp-comp-tool/@vite/client:1034
[   41538ms] [ERROR] WebSocket connection to 'ws://localhost:5174/adp-comp-tool/' failed: Error in connection establishment: net::ERR_CONNECTION_REFUSED @ http://localhost:5174/adp-comp-tool/@vite/client:1034
[   43401ms] [ERROR] WebSocket connection to 'ws://localhost:5174/adp-comp-tool/' failed: Error in connection establishment: net::ERR_CONNECTION_REFUSED @ http://localhost:5174/adp-comp-tool/@vite/client:1034
[   47564ms] [ERROR] WebSocket connection to 'ws://localhost:5174/adp-comp-tool/' failed: Error in connection establishment: net::ERR_CONNECTION_REFUSED @ http://localhost:5174/adp-comp-tool/@vite/client:1034
[   53154ms] [ERROR] WebSocket connection to 'ws://localhost:5174/adp-comp-tool/' failed: Error in connection establishment: net::ERR_CONNECTION_REFUSED @ http://localhost:5174/adp-comp-tool/@vite/client:1034
[   58435ms] [ERROR] WebSocket connection to 'ws://localhost:5174/adp-comp-tool/' failed: Error in connection establishment: net::ERR_CONNECTION_REFUSED @ http://localhost:5174/adp-comp-tool/@vite/client:1034
[   63519ms] [ERROR] WebSocket connection to 'ws://localhost:5174/adp-comp-tool/' failed: Error in connection establishment: net::ERR_CONNECTION_REFUSED @ http://localhost:5174/adp-comp-tool/@vite/client:1034
[   65575ms] [ERROR] WebSocket connection to 'ws://localhost:5174/adp-comp-tool/' failed: Error in connection establishment: net::ERR_CONNECTION_REFUSED @ http://localhost:5174/adp-comp-tool/@vite/client:1034
[   69918ms] [ERROR] WebSocket connection to 'ws://localhost:5174/adp-comp-tool/' failed: Error in connection establishment: net::ERR_CONNECTION_REFUSED @ http://localhost:5174/adp-comp-tool/@vite/client:1034
[   73585ms] [ERROR] WebSocket connection to 'ws://localhost:5174/adp-comp-tool/' failed: Error in connection establishment: net::ERR_CONNECTION_REFUSED @ http://localhost:5174/adp-comp-tool/@vite/client:1034
[   76794ms] [ERROR] WebSocket connection to 'ws://localhost:5174/adp-comp-tool/' failed: Error in connection establishment: net::ERR_CONNECTION_REFUSED @ http://localhost:5174/adp-comp-tool/@vite/client:1034
[   81359ms] [ERROR] WebSocket connection to 'ws://localhost:5174/adp-comp-tool/' failed: Error in connection establishment: net::ERR_CONNECTION_REFUSED @ http://localhost:5174/adp-comp-tool/@vite/client:1034
[   86663ms] [ERROR] WebSocket connection to 'ws://localhost:5174/adp-comp-tool/' failed: Error in connection establishment: net::ERR_CONNECTION_REFUSED @ http://localhost:5174/adp-comp-tool/@vite/client:1034
[   91785ms] [ERROR] WebSocket connection to 'ws://localhost:5174/adp-comp-tool/' failed: Error in connection establishment: net::ERR_CONNECTION_REFUSED @ http://localhost:5174/adp-comp-tool/@vite/client:1034
[   95917ms] [ERROR] WebSocket connection to 'ws://localhost:5174/adp-comp-tool/' failed: Error in connection establishment: net::ERR_CONNECTION_REFUSED @ http://localhost:5174/adp-comp-tool/@vite/client:1034
[  100283ms] [ERROR] WebSocket connection to 'ws://localhost:5174/adp-comp-tool/' failed: Error in connection establishment: net::ERR_CONNECTION_REFUSED @ http://localhost:5174/adp-comp-tool/@vite/client:1034
[  104926ms] [ERROR] WebSocket connection to 'ws://localhost:5174/adp-comp-tool/' failed: Error in connection establishment: net::ERR_CONNECTION_REFUSED @ http://localhost:5174/adp-comp-tool/@vite/client:1034
[  109795ms] [ERROR] WebSocket connection to 'ws://localhost:5174/adp-comp-tool/' failed: Error in connection establishment: net::ERR_CONNECTION_REFUSED @ http://localhost:5174/adp-comp-tool/@vite/client:1034
[  114127ms] [ERROR] WebSocket connection to 'ws://localhost:5174/adp-comp-tool/' failed: Error in connection establishment: net::ERR_CONNECTION_REFUSED @ http://localhost:5174/adp-comp-tool/@vite/client:1034
[  118694ms] [ERROR] WebSocket connection to 'ws://localhost:5174/adp-comp-tool/' failed: Error in connection establishment: net::ERR_CONNECTION_REFUSED @ http://localhost:5174/adp-comp-tool/@vite/client:1034
[  121528ms] [ERROR] WebSocket connection to 'ws://localhost:5174/adp-comp-tool/' failed: Error in connection establishment: net::ERR_CONNECTION_REFUSED @ http://localhost:5174/adp-comp-tool/@vite/client:1034
[  127093ms] [ERROR] WebSocket connection to 'ws://localhost:5174/adp-comp-tool/' failed: Error in connection establishment: net::ERR_CONNECTION_REFUSED @ http://localhost:5174/adp-comp-tool/@vite/client:1034
[  130876ms] [ERROR] WebSocket connection to 'ws://localhost:5174/adp-comp-tool/' failed: Error in connection establishment: net::ERR_CONNECTION_REFUSED @ http://localhost:5174/adp-comp-tool/@vite/client:1034
[  135576ms] [ERROR] WebSocket connection to 'ws://localhost:5174/adp-comp-tool/' failed: Error in connection establishment: net::ERR_CONNECTION_REFUSED @ http://localhost:5174/adp-comp-tool/@vite/client:1034
[  138131ms] [ERROR] WebSocket connection to 'ws://localhost:5174/adp-comp-tool/' failed: Error in connection establishment: net::ERR_CONNECTION_REFUSED @ http://localhost:5174/adp-comp-tool/@vite/client:1034
[  140561ms] [ERROR] WebSocket connection to 'ws://localhost:5174/adp-comp-tool/' failed: Error in connection establishment: net::ERR_CONNECTION_REFUSED @ http://localhost:5174/adp-comp-tool/@vite/client:1034
[  145760ms] [ERROR] WebSocket connection to 'ws://localhost:5174/adp-comp-tool/' failed: Error in connection establishment: net::ERR_CONNECTION_REFUSED @ http://localhost:5174/adp-comp-tool/@vite/client:1034
[  150532ms] [ERROR] WebSocket connection to 'ws://localhost:5174/adp-comp-tool/' failed: Error in connection establishment: net::ERR_CONNECTION_REFUSED @ http://localhost:5174/adp-comp-tool/@vite/client:1034
[  154494ms] [ERROR] WebSocket connection to 'ws://localhost:5174/adp-comp-tool/' failed: Error in connection establishment: net::ERR_CONNECTION_REFUSED @ http://localhost:5174/adp-comp-tool/@vite/client:1034
[  158287ms] [ERROR] WebSocket connection to 'ws://localhost:5174/adp-comp-tool/' failed: Error in connection establishment: net::ERR_CONNECTION_REFUSED @ http://localhost:5174/adp-comp-tool/@vite/client:1034
[  160852ms] [ERROR] WebSocket connection to 'ws://localhost:5174/adp-comp-tool/' failed: Error in connection establishment: net::ERR_CONNECTION_REFUSED @ http://localhost:5174/adp-comp-tool/@vite/client:1034
[  163336ms] [ERROR] WebSocket connection to 'ws://localhost:5174/adp-comp-tool/' failed: Error in connection establishment: net::ERR_CONNECTION_REFUSED @ http://localhost:5174/adp-comp-tool/@vite/client:1034
[  166595ms] [ERROR] WebSocket connection to 'ws://localhost:5174/adp-comp-tool/' failed: Error in connection establishment: net::ERR_CONNECTION_REFUSED @ http://localhost:5174/adp-comp-tool/@vite/client:1034
[  170895ms] [ERROR] WebSocket connection to 'ws://localhost:5174/adp-comp-tool/' failed: Error in connection establishment: net::ERR_CONNECTION_REFUSED @ http://localhost:5174/adp-comp-tool/@vite/client:1034
[  174960ms] [ERROR] WebSocket connection to 'ws://localhost:5174/adp-comp-tool/' failed: Error in connection establishment: net::ERR_CONNECTION_REFUSED @ http://localhost:5174/adp-comp-tool/@vite/client:1034
[  178162ms] [ERROR] WebSocket connection to 'ws://localhost:5174/adp-comp-tool/' failed: Error in connection establishment: net::ERR_CONNECTION_REFUSED @ http://localhost:5174/adp-comp-tool/@vite/client:1034
[  180448ms] [ERROR] WebSocket connection to 'ws://localhost:5174/adp-comp-tool/' failed: Error in connection establishment: net::ERR_CONNECTION_REFUSED @ http://localhost:5174/adp-comp-tool/@vite/client:1034
[  185170ms] [ERROR] WebSocket connection to 'ws://localhost:5174/adp-comp-tool/' failed: Error in connection establishment: net::ERR_CONNECTION_REFUSED @ http://localhost:5174/adp-comp-tool/@vite/client:1034
[  191065ms] [ERROR] WebSocket connection to 'ws://localhost:5174/adp-comp-tool/' failed: Error in connection establishment: net::ERR_CONNECTION_REFUSED @ http://localhost:5174/adp-comp-tool/@vite/client:1034
[  194331ms] [ERROR] WebSocket connection to 'ws://localhost:5174/adp-comp-tool/' failed: Error in connection establishment: net::ERR_CONNECTION_REFUSED @ http://localhost:5174/adp-comp-tool/@vite/client:1034
[  198628ms] [ERROR] WebSocket connection to 'ws://localhost:5174/adp-comp-tool/' failed: Error in connection establishment: net::ERR_CONNECTION_REFUSED @ http://localhost:5174/adp-comp-tool/@vite/client:1034
[  201220ms] [ERROR] WebSocket connection to 'ws://localhost:5174/adp-comp-tool/' failed: Error in connection establishment: net::ERR_CONNECTION_REFUSED @ http://localhost:5174/adp-comp-tool/@vite/client:1034
[  204580ms] [ERROR] WebSocket connection to 'ws://localhost:5174/adp-comp-tool/' failed: Error in connection establishment: net::ERR_CONNECTION_REFUSED @ http://localhost:5174/adp-comp-tool/@vite/client:1034
[  207092ms] [ERROR] WebSocket connection to 'ws://localhost:5174/adp-comp-tool/' failed: Error in connection establishment: net::ERR_CONNECTION_REFUSED @ http://localhost:5174/adp-comp-tool/@vite/client:1034
[  212035ms] [ERROR] WebSocket connection to 'ws://localhost:5174/adp-comp-tool/' failed: Error in connection establishment: net::ERR_CONNECTION_REFUSED @ http://localhost:5174/adp-comp-tool/@vite/client:1034
[  217582ms] [ERROR] WebSocket connection to 'ws://localhost:5174/adp-comp-tool/' failed: Error in connection establishment: net::ERR_CONNECTION_REFUSED @ http://localhost:5174/adp-comp-tool/@vite/client:1034
[  221636ms] [ERROR] WebSocket connection to 'ws://localhost:5174/adp-comp-tool/' failed: Error in connection establishment: net::ERR_CONNECTION_REFUSED @ http://localhost:5174/adp-comp-tool/@vite/client:1034
[  227053ms] [ERROR] WebSocket connection to 'ws://localhost:5174/adp-comp-tool/' failed: Error in connection establishment: net::ERR_CONNECTION_REFUSED @ http://localhost:5174/adp-comp-tool/@vite/client:1034
[  229591ms] [ERROR] WebSocket connection to 'ws://localhost:5174/adp-comp-tool/' failed: Error in connection establishment: net::ERR_CONNECTION_REFUSED @ http://localhost:5174/adp-comp-tool/@vite/client:1034
[  233971ms] [ERROR] WebSocket connection to 'ws://localhost:5174/adp-comp-tool/' failed: Error in connection establishment: net::ERR_CONNECTION_REFUSED @ http://localhost:5174/adp-comp-tool/@vite/client:1034
[  236237ms] [ERROR] WebSocket connection to 'ws://localhost:5174/adp-comp-tool/' failed: Error in connection establishment: net::ERR_CONNECTION_REFUSED @ http://localhost:5174/adp-comp-tool/@vite/client:1034
[  238346ms] [ERROR] WebSocket connection to 'ws://localhost:5174/adp-comp-tool/' failed: Error in connection establishment: net::ERR_CONNECTION_REFUSED @ http://localhost:5174/adp-comp-tool/@vite/client:1034
[  241454ms] [ERROR] WebSocket connection to 'ws://localhost:5174/adp-comp-tool/' failed: Error in connection establishment: net::ERR_CONNECTION_REFUSED @ http://localhost:5174/adp-comp-tool/@vite/client:1034
[  246303ms] [ERROR] WebSocket connection to 'ws://localhost:5174/adp-comp-tool/' failed: Error in connection establishment: net::ERR_CONNECTION_REFUSED @ http://localhost:5174/adp-comp-tool/@vite/client:1034
[  250345ms] [ERROR] WebSocket connection to 'ws://localhost:5174/adp-comp-tool/' failed: Error in connection establishment: net::ERR_CONNECTION_REFUSED @ http://localhost:5174/adp-comp-tool/@vite/client:1034
[  255212ms] [ERROR] WebSocket connection to 'ws://localhost:5174/adp-comp-tool/' failed: Error in connection establishment: net::ERR_CONNECTION_REFUSED @ http://localhost:5174/adp-comp-tool/@vite/client:1034
[  258605ms] [ERROR] WebSocket connection to 'ws://localhost:5174/adp-comp-tool/' failed: Error in connection establishment: net::ERR_CONNECTION_REFUSED @ http://localhost:5174/adp-comp-tool/@vite/client:1034
[  263611ms] [ERROR] WebSocket connection to 'ws://localhost:5174/adp-comp-tool/' failed: Error in connection establishment: net::ERR_CONNECTION_REFUSED @ http://localhost:5174/adp-comp-tool/@vite/client:1034
[  268138ms] [ERROR] WebSocket connection to 'ws://localhost:5174/adp-comp-tool/' failed: Error in connection establishment: net::ERR_CONNECTION_REFUSED @ http://localhost:5174/adp-comp-tool/@vite/client:1034
[  270536ms] [ERROR] WebSocket connection to 'ws://localhost:5174/adp-comp-tool/' failed: Error in connection establishment: net::ERR_CONNECTION_REFUSED @ http://localhost:5174/adp-comp-tool/@vite/client:1034
[  272821ms] [ERROR] WebSocket connection to 'ws://localhost:5174/adp-comp-tool/' failed: Error in connection establishment: net::ERR_CONNECTION_REFUSED @ http://localhost:5174/adp-comp-tool/@vite/client:1034
[  276544ms] [ERROR] WebSocket connection to 'ws://localhost:5174/adp-comp-tool/' failed: Error in connection establishment: net::ERR_CONNECTION_REFUSED @ http://localhost:5174/adp-comp-tool/@vite/client:1034
[  279754ms] [ERROR] WebSocket connection to 'ws://localhost:5174/adp-comp-tool/' failed: Error in connection establishment: net::ERR_CONNECTION_REFUSED @ http://localhost:5174/adp-comp-tool/@vite/client:1034
[  283469ms] [ERROR] WebSocket connection to 'ws://localhost:5174/adp-comp-tool/' failed: Error in connection establishment: net::ERR_CONNECTION_REFUSED @ http://localhost:5174/adp-comp-tool/@vite/client:1034
[  285499ms] [ERROR] WebSocket connection to 'ws://localhost:5174/adp-comp-tool/' failed: Error in connection establishment: net::ERR_CONNECTION_REFUSED @ http://localhost:5174/adp-comp-tool/@vite/client:1034
[  289682ms] [ERROR] WebSocket connection to 'ws://localhost:5174/adp-comp-tool/' failed: Error in connection establishment: net::ERR_CONNECTION_REFUSED @ http://localhost:5174/adp-comp-tool/@vite/client:1034
[  295312ms] [ERROR] WebSocket connection to 'ws://localhost:5174/adp-comp-tool/' failed: Error in connection establishment: net::ERR_CONNECTION_REFUSED @ http://localhost:5174/adp-comp-tool/@vite/client:1034
[  301078ms] [ERROR] WebSocket connection to 'ws://localhost:5174/adp-comp-tool/' failed: Error in connection establishment: net::ERR_CONNECTION_REFUSED @ http://localhost:5174/adp-comp-tool/@vite/client:1034
[  306722ms] [ERROR] WebSocket connection to 'ws://localhost:5174/adp-comp-tool/' failed: Error in connection establishment: net::ERR_CONNECTION_REFUSED @ http://localhost:5174/adp-comp-tool/@vite/client:1034
[  309221ms] [ERROR] WebSocket connection to 'ws://localhost:5174/adp-comp-tool/' failed: Error in connection establishment: net::ERR_CONNECTION_REFUSED @ http://localhost:5174/adp-comp-tool/@vite/client:1034
[  313713ms] [ERROR] WebSocket connection to 'ws://localhost:5174/adp-comp-tool/' failed: Error in connection establishment: net::ERR_CONNECTION_REFUSED @ http://localhost:5174/adp-comp-tool/@vite/client:1034
[  316775ms] [ERROR] WebSocket connection to 'ws://localhost:5174/adp-comp-tool/' failed: Error in connection establishment: net::ERR_CONNECTION_REFUSED @ http://localhost:5174/adp-comp-tool/@vite/client:1034
[  322112ms] [ERROR] WebSocket connection to 'ws://localhost:5174/adp-comp-tool/' failed: Error in connection establishment: net::ERR_CONNECTION_REFUSED @ http://localhost:5174/adp-comp-tool/@vite/client:1034
[  324772ms] [ERROR] WebSocket connection to 'ws://localhost:5174/adp-comp-tool/' failed: Error in connection establishment: net::ERR_CONNECTION_REFUSED @ http://localhost:5174/adp-comp-tool/@vite/client:1034
[  326980ms] [ERROR] WebSocket connection to 'ws://localhost:5174/adp-comp-tool/' failed: Error in connection establishment: net::ERR_CONNECTION_REFUSED @ http://localhost:5174/adp-comp-tool/@vite/client:1034
[  329266ms] [ERROR] WebSocket connection to 'ws://localhost:5174/adp-comp-tool/' failed: Error in connection establishment: net::ERR_CONNECTION_REFUSED @ http://localhost:5174/adp-comp-tool/@vite/client:1034
[  333536ms] [ERROR] WebSocket connection to 'ws://localhost:5174/adp-comp-tool/' failed: Error in connection establishment: net::ERR_CONNECTION_REFUSED @ http://localhost:5174/adp-comp-tool/@vite/client:1034
[  338874ms] [ERROR] WebSocket connection to 'ws://localhost:5174/adp-comp-tool/' failed: Error in connection establishment: net::ERR_CONNECTION_REFUSED @ http://localhost:5174/adp-comp-tool/@vite/client:1034
[  341885ms] [ERROR] WebSocket connection to 'ws://localhost:5174/adp-comp-tool/' failed: Error in connection establishment: net::ERR_CONNECTION_REFUSED @ http://localhost:5174/adp-comp-tool/@vite/client:1034
[  346698ms] [ERROR] WebSocket connection to 'ws://localhost:5174/adp-comp-tool/' failed: Error in connection establishment: net::ERR_CONNECTION_REFUSED @ http://localhost:5174/adp-comp-tool/@vite/client:1034
[  349934ms] [ERROR] WebSocket connection to 'ws://localhost:5174/adp-comp-tool/' failed: Error in connection establishment: net::ERR_CONNECTION_REFUSED @ http://localhost:5174/adp-comp-tool/@vite/client:1034
[  352553ms] [ERROR] WebSocket connection to 'ws://localhost:5174/adp-comp-tool/' failed: Error in connection establishment: net::ERR_CONNECTION_REFUSED @ http://localhost:5174/adp-comp-tool/@vite/client:1034
[  355671ms] [ERROR] WebSocket connection to 'ws://localhost:5174/adp-comp-tool/' failed: Error in connection establishment: net::ERR_CONNECTION_REFUSED @ http://localhost:5174/adp-comp-tool/@vite/client:1034
[  358428ms] [ERROR] WebSocket connection to 'ws://localhost:5174/adp-comp-tool/' failed: Error in connection establishment: net::ERR_CONNECTION_REFUSED @ http://localhost:5174/adp-comp-tool/@vite/client:1034
[  360741ms] [ERROR] WebSocket connection to 'ws://localhost:5174/adp-comp-tool/' failed: Error in connection establishment: net::ERR_CONNECTION_REFUSED @ http://localhost:5174/adp-comp-tool/@vite/client:1034
[  365415ms] [ERROR] WebSocket connection to 'ws://localhost:5174/adp-comp-tool/' failed: Error in connection establishment: net::ERR_CONNECTION_REFUSED @ http://localhost:5174/adp-comp-tool/@vite/client:1034
[  367613ms] [ERROR] WebSocket connection to 'ws://localhost:5174/adp-comp-tool/' failed: Error in connection establishment: net::ERR_CONNECTION_REFUSED @ http://localhost:5174/adp-comp-tool/@vite/client:1034
[  373162ms] [ERROR] WebSocket connection to 'ws://localhost:5174/adp-comp-tool/' failed: Error in connection establishment: net::ERR_CONNECTION_REFUSED @ http://localhost:5174/adp-comp-tool/@vite/client:1034
[  375204ms] [ERROR] WebSocket connection to 'ws://localhost:5174/adp-comp-tool/' failed: Error in connection establishment: net::ERR_CONNECTION_REFUSED @ http://localhost:5174/adp-comp-tool/@vite/client:1034
[  380718ms] [ERROR] WebSocket connection to 'ws://localhost:5174/adp-comp-tool/' failed: Error in connection establishment: net::ERR_CONNECTION_REFUSED @ http://localhost:5174/adp-comp-tool/@vite/client:1034
[  386051ms] [ERROR] WebSocket connection to 'ws://localhost:5174/adp-comp-tool/' failed: Error in connection establishment: net::ERR_CONNECTION_REFUSED @ http://localhost:5174/adp-comp-tool/@vite/client:1034
[  389711ms] [ERROR] WebSocket connection to 'ws://localhost:5174/adp-comp-tool/' failed: Error in connection establishment: net::ERR_CONNECTION_REFUSED @ http://localhost:5174/adp-comp-tool/@vite/client:1034
[  392287ms] [ERROR] WebSocket connection to 'ws://localhost:5174/adp-comp-tool/' failed: Error in connection establishment: net::ERR_CONNECTION_REFUSED @ http://localhost:5174/adp-comp-tool/@vite/client:1034
[  395179ms] [ERROR] WebSocket connection to 'ws://localhost:5174/adp-comp-tool/' failed: Error in connection establishment: net::ERR_CONNECTION_REFUSED @ http://localhost:5174/adp-comp-tool/@vite/client:1034
[  400986ms] [ERROR] WebSocket connection to 'ws://localhost:5174/adp-comp-tool/' failed: Error in connection establishment: net::ERR_CONNECTION_REFUSED @ http://localhost:5174/adp-comp-tool/@vite/client:1034
[  403700ms] [ERROR] WebSocket connection to 'ws://localhost:5174/adp-comp-tool/' failed: Error in connection establishment: net::ERR_CONNECTION_REFUSED @ http://localhost:5174/adp-comp-tool/@vite/client:1034
[  408251ms] [ERROR] WebSocket connection to 'ws://localhost:5174/adp-comp-tool/' failed: Error in connection establishment: net::ERR_CONNECTION_REFUSED @ http://localhost:5174/adp-comp-tool/@vite/client:1034
[  413003ms] [ERROR] WebSocket connection to 'ws://localhost:5174/adp-comp-tool/' failed: Error in connection establishment: net::ERR_CONNECTION_REFUSED @ http://localhost:5174/adp-comp-tool/@vite/client:1034
[  415612ms] [ERROR] WebSocket connection to 'ws://localhost:5174/adp-comp-tool/' failed: Error in connection establishment: net::ERR_CONNECTION_REFUSED @ http://localhost:5174/adp-comp-tool/@vite/client:1034
[  419202ms] [ERROR] WebSocket connection to 'ws://localhost:5174/adp-comp-tool/' failed: Error in connection establishment: net::ERR_CONNECTION_REFUSED @ http://localhost:5174/adp-comp-tool/@vite/client:1034
[  421911ms] [ERROR] WebSocket connection to 'ws://localhost:5174/adp-comp-tool/' failed: Error in connection establishment: net::ERR_CONNECTION_REFUSED @ http://localhost:5174/adp-comp-tool/@vite/client:1034
[  427624ms] [ERROR] WebSocket connection to 'ws://localhost:5174/adp-comp-tool/' failed: Error in connection establishment: net::ERR_CONNECTION_REFUSED @ http://localhost:5174/adp-comp-tool/@vite/client:1034
[  431568ms] [ERROR] WebSocket connection to 'ws://localhost:5174/adp-comp-tool/' failed: Error in connection establishment: net::ERR_CONNECTION_REFUSED @ http://localhost:5174/adp-comp-tool/@vite/client:1034
[  435712ms] [ERROR] WebSocket connection to 'ws://localhost:5174/adp-comp-tool/' failed: Error in connection establishment: net::ERR_CONNECTION_REFUSED @ http://localhost:5174/adp-comp-tool/@vite/client:1034
[  439016ms] [ERROR] WebSocket connection to 'ws://localhost:5174/adp-comp-tool/' failed: Error in connection establishment: net::ERR_CONNECTION_REFUSED @ http://localhost:5174/adp-comp-tool/@vite/client:1034
[  442346ms] [ERROR] WebSocket connection to 'ws://localhost:5174/adp-comp-tool/' failed: Error in connection establishment: net::ERR_CONNECTION_REFUSED @ http://localhost:5174/adp-comp-tool/@vite/client:1034
[  446962ms] [ERROR] WebSocket connection to 'ws://localhost:5174/adp-comp-tool/' failed: Error in connection establishment: net::ERR_CONNECTION_REFUSED @ http://localhost:5174/adp-comp-tool/@vite/client:1034
[  449480ms] [ERROR] WebSocket connection to 'ws://localhost:5174/adp-comp-tool/' failed: Error in connection establishment: net::ERR_CONNECTION_REFUSED @ http://localhost:5174/adp-comp-tool/@vite/client:1034
[  454569ms] [ERROR] WebSocket connection to 'ws://localhost:5174/adp-comp-tool/' failed: Error in connection establishment: net::ERR_CONNECTION_REFUSED @ http://localhost:5174/adp-comp-tool/@vite/client:1034
[  457720ms] [ERROR] WebSocket connection to 'ws://localhost:5174/adp-comp-tool/' failed: Error in connection establishment: net::ERR_CONNECTION_REFUSED @ http://localhost:5174/adp-comp-tool/@vite/client:1034
[  462379ms] [ERROR] WebSocket connection to 'ws://localhost:5174/adp-comp-tool/' failed: Error in connection establishment: net::ERR_CONNECTION_REFUSED @ http://localhost:5174/adp-comp-tool/@vite/client:1034
[  467712ms] [ERROR] WebSocket connection to 'ws://localhost:5174/adp-comp-tool/' failed: Error in connection establishment: net::ERR_CONNECTION_REFUSED @ http://localhost:5174/adp-comp-tool/@vite/client:1034
[  470574ms] [ERROR] WebSocket connection to 'ws://localhost:5174/adp-comp-tool/' failed: Error in connection establishment: net::ERR_CONNECTION_REFUSED @ http://localhost:5174/adp-comp-tool/@vite/client:1034
[  473967ms] [ERROR] WebSocket connection to 'ws://localhost:5174/adp-comp-tool/' failed: Error in connection establishment: net::ERR_CONNECTION_REFUSED @ http://localhost:5174/adp-comp-tool/@vite/client:1034
[  477172ms] [ERROR] WebSocket connection to 'ws://localhost:5174/adp-comp-tool/' failed: Error in connection establishment: net::ERR_CONNECTION_REFUSED @ http://localhost:5174/adp-comp-tool/@vite/client:1034
[  479963ms] [ERROR] WebSocket connection to 'ws://localhost:5174/adp-comp-tool/' failed: Error in connection establishment: net::ERR_CONNECTION_REFUSED @ http://localhost:5174/adp-comp-tool/@vite/client:1034
[  484380ms] [ERROR] WebSocket connection to 'ws://localhost:5174/adp-comp-tool/' failed: Error in connection establishment: net::ERR_CONNECTION_REFUSED @ http://localhost:5174/adp-comp-tool/@vite/client:1034
[  489331ms] [ERROR] WebSocket connection to 'ws://localhost:5174/adp-comp-tool/' failed: Error in connection establishment: net::ERR_CONNECTION_REFUSED @ http://localhost:5174/adp-comp-tool/@vite/client:1034
[  494401ms] [ERROR] WebSocket connection to 'ws://localhost:5174/adp-comp-tool/' failed: Error in connection establishment: net::ERR_CONNECTION_REFUSED @ http://localhost:5174/adp-comp-tool/@vite/client:1034
[  497511ms] [ERROR] WebSocket connection to 'ws://localhost:5174/adp-comp-tool/' failed: Error in connection establishment: net::ERR_CONNECTION_REFUSED @ http://localhost:5174/adp-comp-tool/@vite/client:1034
[  503364ms] [ERROR] WebSocket connection to 'ws://localhost:5174/adp-comp-tool/' failed: Error in connection establishment: net::ERR_CONNECTION_REFUSED @ http://localhost:5174/adp-comp-tool/@vite/client:1034
[  509196ms] [ERROR] WebSocket connection to 'ws://localhost:5174/adp-comp-tool/' failed: Error in connection establishment: net::ERR_CONNECTION_REFUSED @ http://localhost:5174/adp-comp-tool/@vite/client:1034
[  515147ms] [ERROR] WebSocket connection to 'ws://localhost:5174/adp-comp-tool/' failed: Error in connection establishment: net::ERR_CONNECTION_REFUSED @ http://localhost:5174/adp-comp-tool/@vite/client:1034
[  518411ms] [ERROR] WebSocket connection to 'ws://localhost:5174/adp-comp-tool/' failed: Error in connection establishment: net::ERR_CONNECTION_REFUSED @ http://localhost:5174/adp-comp-tool/@vite/client:1034
[  523746ms] [ERROR] WebSocket connection to 'ws://localhost:5174/adp-comp-tool/' failed: Error in connection establishment: net::ERR_CONNECTION_REFUSED @ http://localhost:5174/adp-comp-tool/@vite/client:1034
[  527706ms] [ERROR] WebSocket connection to 'ws://localhost:5174/adp-comp-tool/' failed: Error in connection establishment: net::ERR_CONNECTION_REFUSED @ http://localhost:5174/adp-comp-tool/@vite/client:1034
[  533220ms] [ERROR] WebSocket connection to 'ws://localhost:5174/adp-comp-tool/' failed: Error in connection establishment: net::ERR_CONNECTION_REFUSED @ http://localhost:5174/adp-comp-tool/@vite/client:1034
[  536330ms] [ERROR] WebSocket connection to 'ws://localhost:5174/adp-comp-tool/' failed: Error in connection establishment: net::ERR_CONNECTION_REFUSED @ http://localhost:5174/adp-comp-tool/@vite/client:1034
[  538830ms] [ERROR] WebSocket connection to 'ws://localhost:5174/adp-comp-tool/' failed: Error in connection establishment: net::ERR_CONNECTION_REFUSED @ http://localhost:5174/adp-comp-tool/@vite/client:1034
[  542439ms] [ERROR] WebSocket connection to 'ws://localhost:5174/adp-comp-tool/' failed: Error in connection establishment: net::ERR_CONNECTION_REFUSED @ http://localhost:5174/adp-comp-tool/@vite/client:1034
[  546427ms] [ERROR] WebSocket connection to 'ws://localhost:5174/adp-comp-tool/' failed: Error in connection establishment: net::ERR_CONNECTION_REFUSED @ http://localhost:5174/adp-comp-tool/@vite/client:1034
[  551604ms] [ERROR] WebSocket connection to 'ws://localhost:5174/adp-comp-tool/' failed: Error in connection establishment: net::ERR_CONNECTION_REFUSED @ http://localhost:5174/adp-comp-tool/@vite/client:1034
[  556569ms] [ERROR] WebSocket connection to 'ws://localhost:5174/adp-comp-tool/' failed: Error in connection establishment: net::ERR_CONNECTION_REFUSED @ http://localhost:5174/adp-comp-tool/@vite/client:1034
[  561126ms] [ERROR] WebSocket connection to 'ws://localhost:5174/adp-comp-tool/' failed: Error in connection establishment: net::ERR_CONNECTION_REFUSED @ http://localhost:5174/adp-comp-tool/@vite/client:1034
[  564197ms] [ERROR] WebSocket connection to 'ws://localhost:5174/adp-comp-tool/' failed: Error in connection establishment: net::ERR_CONNECTION_REFUSED @ http://localhost:5174/adp-comp-tool/@vite/client:1034
[  568597ms] [ERROR] WebSocket connection to 'ws://localhost:5174/adp-comp-tool/' failed: Error in connection establishment: net::ERR_CONNECTION_REFUSED @ http://localhost:5174/adp-comp-tool/@vite/client:1034
[  574231ms] [ERROR] WebSocket connection to 'ws://localhost:5174/adp-comp-tool/' failed: Error in connection establishment: net::ERR_CONNECTION_REFUSED @ http://localhost:5174/adp-comp-tool/@vite/client:1034
[  577788ms] [ERROR] WebSocket connection to 'ws://localhost:5174/adp-comp-tool/' failed: Error in connection establishment: net::ERR_CONNECTION_REFUSED @ http://localhost:5174/adp-comp-tool/@vite/client:1034
[  581376ms] [ERROR] WebSocket connection to 'ws://localhost:5174/adp-comp-tool/' failed: Error in connection establishment: net::ERR_CONNECTION_REFUSED @ http://localhost:5174/adp-comp-tool/@vite/client:1034
[  584268ms] [ERROR] WebSocket connection to 'ws://localhost:5174/adp-comp-tool/' failed: Error in connection establishment: net::ERR_CONNECTION_REFUSED @ http://localhost:5174/adp-comp-tool/@vite/client:1034
